/usr/local/openjdk-11/bin/java  -classpath /YCSB/conf:/YCSB/core/target/core-0.18.0-SNAPSHOT.jar:/YCSB/core/target/dependency/HdrHistogram-2.1.12.jar:/YCSB/core/target/dependency/htrace-core4-4.1.0-incubating.jar:/YCSB/core/target/dependency/jackson-core-asl-1.9.4.jar:/YCSB/core/target/dependency/jackson-mapper-asl-1.9.4.jar:/YCSB/mongodb/target/mongodb-binding-0.18.0-SNAPSHOT.jar:/YCSB/mongodb/target/dependency/bson-5.1.0.jar:/YCSB/mongodb/target/dependency/bson-record-codec-5.1.0.jar:/YCSB/mongodb/target/dependency/logback-classic-1.1.2.jar:/YCSB/mongodb/target/dependency/logback-core-1.1.2.jar:/YCSB/mongodb/target/dependency/mongodb-async-driver-2.0.1.jar:/YCSB/mongodb/target/dependency/mongodb-driver-core-5.1.0.jar:/YCSB/mongodb/target/dependency/mongodb-driver-sync-5.1.0.jar:/YCSB/mongodb/target/dependency/slf4j-api-1.7.25.jar:/YCSB/mongodb/target/dependency/snappy-java-1.1.7.1.jar site.ycsb.Client -t -db site.ycsb.db.MongoDbClient -s -P workloads/workloadr -p operationcount=8000000 -p mongodb.url=mongodb://root:mongodb123@my-mongodb-sharded:27017/ycsb?authSource=admin&readPreference=nearest -threads 10
Command line: -t -db site.ycsb.db.MongoDbClient -s -P workloads/workloadr -p operationcount=8000000 -p mongodb.url=mongodb://root:mongodb123@my-mongodb-sharded:27017/ycsb?authSource=admin&readPreference=nearest -threads 10
YCSB Client 0.18.0-SNAPSHOT

Loading workload...
Starting test.
2026-08-30 05:37:04:870 0 sec: 0 operations; est completion in 0 second 
mongo client connection created with mongodb://root:mongodb123@my-mongodb-sharded:27017/ycsb?authSource=admin&readPreference=nearest
DBWrapper: report latency for each error is false and specific error codes to track for latency are: []
2026-08-30 05:37:14:754 10 sec: 17469 operations; 1746.38 current ops/sec; est completion in 1 hour 16 minutes [READ: Count=17495, Max=631807, Min=1030, Avg=5135.99, 50=3035, 90=7535, 99=32591, 99.9=178687, 99.99=629759] 
2026-08-30 05:37:24:749 20 sec: 47351 operations; 2989.1 current ops/sec; est completion in 56 minutes [READ: Count=29856, Max=80639, Min=973, Avg=3307.64, 50=2573, 90=4707, 99=20703, 99.9=42175, 99.99=75263] 
2026-08-30 05:37:34:749 30 sec: 77393 operations; 3004.2 current ops/sec; est completion in 51 minutes [READ: Count=30042, Max=58847, Min=822, Avg=3312.19, 50=1966, 90=3317, 99=42175, 99.9=49183, 99.99=54463] 
2026-08-30 05:37:44:749 40 sec: 104267 operations; 2687.4 current ops/sec; est completion in 50 minutes [READ: Count=26874, Max=145407, Min=864, Avg=3701.78, 50=2039, 90=4131, 99=42271, 99.9=76543, 99.99=133503] 
2026-08-30 05:37:54:749 50 sec: 134469 operations; 3020.2 current ops/sec; est completion in 48 minutes [READ: Count=30202, Max=65343, Min=853, Avg=3302.12, 50=1959, 90=3519, 99=40735, 99.9=49791, 99.99=58847] 
2026-08-30 05:38:04:749 60 sec: 164690 operations; 3022.1 current ops/sec; est completion in 47 minutes [READ: Count=30221, Max=51679, Min=836, Avg=3298.8, 50=1945, 90=3413, 99=40799, 99.9=46463, 99.99=49599] 
2026-08-30 05:38:14:749 70 sec: 191403 operations; 2671.3 current ops/sec; est completion in 47 minutes [READ: Count=26713, Max=235135, Min=844, Avg=3737.5, 50=2049, 90=4243, 99=38879, 99.9=59039, 99.99=171135] 
2026-08-30 05:38:24:749 80 sec: 221499 operations; 3009.6 current ops/sec; est completion in 46 minutes [READ: Count=30096, Max=64639, Min=866, Avg=3313.79, 50=1955, 90=3455, 99=38367, 99.9=50175, 99.99=57951] 
2026-08-30 05:38:34:749 90 sec: 251340 operations; 2984.1 current ops/sec; est completion in 46 minutes [READ: Count=29841, Max=61919, Min=864, Avg=3344.66, 50=1914, 90=3229, 99=41919, 99.9=47935, 99.99=57759] 
2026-08-30 05:38:44:749 100 sec: 278289 operations; 2694.9 current ops/sec; est completion in 46 minutes [READ: Count=26949, Max=294143, Min=843, Avg=3703.54, 50=2038, 90=4199, 99=39039, 99.9=72767, 99.99=240383] 
2026-08-30 05:38:54:749 110 sec: 308291 operations; 3000.2 current ops/sec; est completion in 45 minutes [READ: Count=30002, Max=54943, Min=856, Avg=3328.84, 50=1963, 90=3593, 99=39007, 99.9=49727, 99.99=52351] 
2026-08-30 05:39:04:749 120 sec: 338467 operations; 3017.6 current ops/sec; est completion in 45 minutes [READ: Count=30176, Max=56255, Min=819, Avg=3307.97, 50=1918, 90=3159, 99=44095, 99.9=50655, 99.99=55071] 
2026-08-30 05:39:14:749 130 sec: 365694 operations; 2722.7 current ops/sec; est completion in 45 minutes [READ: Count=27227, Max=529919, Min=872, Avg=3665.72, 50=2032, 90=4037, 99=39327, 99.9=66751, 99.99=474111] 
2026-08-30 05:39:24:749 140 sec: 395603 operations; 2990.9 current ops/sec; est completion in 44 minutes [READ: Count=29909, Max=85631, Min=807, Avg=3334.66, 50=1961, 90=3423, 99=41983, 99.9=48927, 99.99=67647] 
2026-08-30 05:39:34:749 150 sec: 425932 operations; 3032.9 current ops/sec; est completion in 44 minutes [READ: Count=30329, Max=48095, Min=831, Avg=3291.19, 50=1928, 90=3433, 99=40351, 99.9=44863, 99.99=47391] 
2026-08-30 05:39:44:749 160 sec: 452722 operations; 2679 current ops/sec; est completion in 44 minutes [READ: Count=26790, Max=325887, Min=843, Avg=3721.67, 50=2001, 90=3697, 99=43487, 99.9=67071, 99.99=307967] 
2026-08-30 05:39:54:749 170 sec: 482537 operations; 2981.5 current ops/sec; est completion in 44 minutes [READ: Count=29815, Max=54111, Min=826, Avg=3344.06, 50=1956, 90=3687, 99=39775, 99.9=49759, 99.99=52607] 
2026-08-30 05:40:04:749 180 sec: 510381 operations; 2784.4 current ops/sec; est completion in 44 minutes [READ: Count=27844, Max=76159, Min=858, Avg=3584.04, 50=1946, 90=3561, 99=42591, 99.9=68095, 99.99=74303] 
2026-08-30 05:40:14:749 190 sec: 529674 operations; 1929.3 current ops/sec; est completion in 44 minutes [READ: Count=19293, Max=235647, Min=849, Avg=5175.89, 50=2143, 90=6071, 99=60095, 99.9=118399, 99.99=188543] 
2026-08-30 05:40:24:749 200 sec: 553293 operations; 2361.9 current ops/sec; est completion in 44 minutes [READ: Count=23619, Max=74175, Min=849, Avg=4233.51, 50=2022, 90=4471, 99=50463, 99.9=64895, 99.99=73023] 
2026-08-30 05:40:34:749 210 sec: 578225 operations; 2493.2 current ops/sec; est completion in 44 minutes [READ: Count=24932, Max=70399, Min=814, Avg=4000.1, 50=1950, 90=3675, 99=51807, 99.9=65279, 99.99=68415] 
2026-08-30 05:40:44:750 220 sec: 599205 operations; 2097.79 current ops/sec; est completion in 45 minutes [READ: Count=20982, Max=182143, Min=848, Avg=4772.32, 50=2107, 90=6467, 99=55551, 99.9=71935, 99.99=173055] 
2026-08-30 05:40:54:749 230 sec: 626568 operations; 2736.57 current ops/sec; est completion in 45 minutes [READ: Count=27361, Max=75199, Min=813, Avg=3635.67, 50=1947, 90=3721, 99=47167, 99.9=61983, 99.99=71423] 
2026-08-30 05:41:04:750 240 sec: 655027 operations; 2845.9 current ops/sec; est completion in 44 minutes [READ: Count=28459, Max=92415, Min=825, Avg=3520.23, 50=1909, 90=3475, 99=45759, 99.9=76671, 99.99=91967] 
2026-08-30 05:41:14:754 250 sec: 695848 operations; 4081.69 current ops/sec; est completion in 43 minutes [READ: Count=40832, Max=222847, Min=810, Avg=2438.95, 50=1927, 90=3259, 99=12079, 99.9=49951, 99.99=169855] 
2026-08-30 05:41:24:749 260 sec: 742780 operations; 4693.2 current ops/sec; est completion in 42 minutes [READ: Count=46934, Max=30991, Min=794, Avg=2123.97, 50=1842, 90=3045, 99=7643, 99.9=17679, 99.99=29807] 
2026-08-30 05:41:34:749 270 sec: 788285 operations; 4550.5 current ops/sec; est completion in 41 minutes [READ: Count=45507, Max=55615, Min=831, Avg=2191.64, 50=1822, 90=2941, 99=9159, 99.9=38655, 99.99=52543] 
2026-08-30 05:41:44:750 280 sec: 829198 operations; 4091.3 current ops/sec; est completion in 40 minutes [READ: Count=40910, Max=426239, Min=783, Avg=2435.67, 50=1922, 90=3231, 99=10119, 99.9=50495, 99.99=292863] 
2026-08-30 05:41:54:749 290 sec: 875745 operations; 4655.17 current ops/sec; est completion in 39 minutes [READ: Count=46553, Max=32591, Min=810, Avg=2141.69, 50=1833, 90=3071, 99=7831, 99.9=19055, 99.99=25919] 
2026-08-30 05:42:04:749 300 sec: 921532 operations; 4578.7 current ops/sec; est completion in 38 minutes [READ: Count=45777, Max=56383, Min=814, Avg=2178.37, 50=1813, 90=2943, 99=9871, 99.9=35519, 99.99=51327] 
2026-08-30 05:42:14:749 310 sec: 961644 operations; 4011.2 current ops/sec; est completion in 37 minutes [READ: Count=40122, Max=156927, Min=812, Avg=2483.18, 50=1933, 90=3353, 99=11335, 99.9=67327, 99.99=123903] 
2026-08-30 05:42:24:751 320 sec: 1007909 operations; 4626.04 current ops/sec; est completion in 37 minutes [READ: Count=46267, Max=44255, Min=792, Avg=2154.66, 50=1825, 90=3087, 99=8679, 99.9=20511, 99.99=42559] 
2026-08-30 05:42:34:749 330 sec: 1054012 operations; 4610.76 current ops/sec; est completion in 36 minutes [READ: Count=46084, Max=49599, Min=803, Avg=2162.45, 50=1811, 90=2949, 99=8799, 99.9=33567, 99.99=44959] 
2026-08-30 05:42:44:750 340 sec: 1094934 operations; 4091.79 current ops/sec; est completion in 35 minutes [READ: Count=40930, Max=190079, Min=843, Avg=2433.66, 50=1937, 90=3299, 99=9031, 99.9=63295, 99.99=188799] 
2026-08-30 05:42:54:749 350 sec: 1141702 operations; 4676.8 current ops/sec; est completion in 35 minutes [READ: Count=46759, Max=42047, Min=802, Avg=2132.1, 50=1836, 90=3079, 99=7895, 99.9=16735, 99.99=31567] 
2026-08-30 05:43:04:749 360 sec: 1187905 operations; 4620.3 current ops/sec; est completion in 34 minutes [READ: Count=46208, Max=54911, Min=794, Avg=2158.11, 50=1795, 90=2901, 99=8959, 99.9=38815, 99.99=53183] 
2026-08-30 05:43:14:751 370 sec: 1228737 operations; 4083.2 current ops/sec; est completion in 33 minutes [READ: Count=40831, Max=262143, Min=818, Avg=2441.42, 50=1900, 90=3299, 99=11079, 99.9=57855, 99.99=141567] 
2026-08-30 05:43:24:749 380 sec: 1275592 operations; 4685.5 current ops/sec; est completion in 33 minutes [READ: Count=46854, Max=44127, Min=766, Avg=2127.82, 50=1818, 90=3051, 99=7807, 99.9=19007, 99.99=39455] 
2026-08-30 05:43:34:749 390 sec: 1321493 operations; 4590.56 current ops/sec; est completion in 32 minutes [READ: Count=45898, Max=51615, Min=802, Avg=2171.86, 50=1790, 90=2923, 99=9191, 99.9=35519, 99.99=47999] 
2026-08-30 05:43:44:749 400 sec: 1362217 operations; 4071.99 current ops/sec; est completion in 32 minutes [READ: Count=40724, Max=459519, Min=803, Avg=2448.52, 50=1900, 90=3265, 99=10119, 99.9=45951, 99.99=408063] 
2026-08-30 05:43:54:749 410 sec: 1409360 operations; 4714.3 current ops/sec; est completion in 31 minutes [READ: Count=47143, Max=39167, Min=774, Avg=2113.3, 50=1835, 90=3047, 99=7631, 99.9=15895, 99.99=29903] 
2026-08-30 05:44:04:749 420 sec: 1455358 operations; 4600.26 current ops/sec; est completion in 31 minutes [READ: Count=45998, Max=59647, Min=793, Avg=2169.56, 50=1784, 90=2905, 99=10007, 99.9=36927, 99.99=58879] 
2026-08-30 05:44:14:749 430 sec: 1495915 operations; 4055.29 current ops/sec; est completion in 31 minutes [READ: Count=40558, Max=448511, Min=803, Avg=2458.41, 50=1906, 90=3311, 99=10759, 99.9=45503, 99.99=416767] 
2026-08-30 05:44:24:750 440 sec: 1542544 operations; 4662.9 current ops/sec; est completion in 30 minutes [READ: Count=46641, Max=48639, Min=801, Avg=2139, 50=1822, 90=3109, 99=7791, 99.9=19471, 99.99=35839] 
2026-08-30 05:44:34:750 450 sec: 1588866 operations; 4632.66 current ops/sec; est completion in 30 minutes [READ: Count=46310, Max=55455, Min=769, Avg=2152.31, 50=1786, 90=2913, 99=8551, 99.9=36063, 99.99=45183] 
2026-08-30 05:44:44:751 460 sec: 1630165 operations; 4129.07 current ops/sec; est completion in 29 minutes [READ: Count=41305, Max=140543, Min=794, Avg=2414.04, 50=1878, 90=3249, 99=12311, 99.9=54943, 99.99=100223] 
2026-08-30 05:44:54:749 470 sec: 1677611 operations; 4745.55 current ops/sec; est completion in 29 minutes [READ: Count=47440, Max=40095, Min=759, Avg=2100.9, 50=1801, 90=3039, 99=7175, 99.9=18319, 99.99=28063] 
2026-08-30 05:45:04:750 480 sec: 1723732 operations; 4611.18 current ops/sec; est completion in 29 minutes [READ: Count=46131, Max=56223, Min=782, Avg=2162.4, 50=1798, 90=2941, 99=8383, 99.9=38687, 99.99=51359] 
2026-08-30 05:45:14:749 490 sec: 1764704 operations; 4098.02 current ops/sec; est completion in 28 minutes [READ: Count=40961, Max=156415, Min=761, Avg=2428.8, 50=1894, 90=3205, 99=12839, 99.9=50367, 99.99=101247] 
2026-08-30 05:45:24:750 500 sec: 1810838 operations; 4612.94 current ops/sec; est completion in 28 minutes [READ: Count=46144, Max=64639, Min=751, Avg=2162.29, 50=1832, 90=3113, 99=7963, 99.9=22479, 99.99=52255] 
2026-08-30 05:45:34:749 510 sec: 1857193 operations; 4635.5 current ops/sec; est completion in 28 minutes [READ: Count=46349, Max=59423, Min=782, Avg=2151.18, 50=1804, 90=2925, 99=8543, 99.9=36223, 99.99=57759] 
2026-08-30 05:45:44:751 520 sec: 1897977 operations; 4078.4 current ops/sec; est completion in 27 minutes [READ: Count=40785, Max=259711, Min=781, Avg=2437.79, 50=1913, 90=3369, 99=10783, 99.9=46111, 99.99=221567] 
2026-08-30 05:45:54:750 530 sec: 1944790 operations; 4681.3 current ops/sec; est completion in 27 minutes [READ: Count=46815, Max=30607, Min=809, Avg=2129.14, 50=1853, 90=3147, 99=6839, 99.9=15919, 99.99=23007] 
2026-08-30 05:46:04:751 540 sec: 1991147 operations; 4635.7 current ops/sec; est completion in 27 minutes [READ: Count=46357, Max=54111, Min=812, Avg=2151.26, 50=1780, 90=2933, 99=8615, 99.9=36799, 99.99=49759] 
2026-08-30 05:46:14:752 550 sec: 2032846 operations; 4169.9 current ops/sec; est completion in 26 minutes [READ: Count=41693, Max=271871, Min=818, Avg=2390.57, 50=1880, 90=3273, 99=10351, 99.9=55839, 99.99=170111] 
2026-08-30 05:46:24:750 560 sec: 2080140 operations; 4729.4 current ops/sec; est completion in 26 minutes [READ: Count=47299, Max=51487, Min=793, Avg=2108.37, 50=1803, 90=3027, 99=7791, 99.9=18319, 99.99=33503] 
2026-08-30 05:46:34:751 570 sec: 2126956 operations; 4681.13 current ops/sec; est completion in 26 minutes [READ: Count=46812, Max=41663, Min=805, Avg=2130.14, 50=1766, 90=2879, 99=9503, 99.9=34175, 99.99=40319] 
2026-08-30 05:46:44:749 580 sec: 2168276 operations; 4132.41 current ops/sec; est completion in 26 minutes [READ: Count=41319, Max=278783, Min=764, Avg=2410.77, 50=1862, 90=3213, 99=12143, 99.9=54271, 99.99=265727] 
2026-08-30 05:46:54:749 590 sec: 2215886 operations; 4761 current ops/sec; est completion in 25 minutes [READ: Count=47625, Max=35839, Min=801, Avg=2094.84, 50=1802, 90=3003, 99=7603, 99.9=19407, 99.99=26527] 
2026-08-30 05:47:04:749 600 sec: 2262530 operations; 4664.4 current ops/sec; est completion in 25 minutes [READ: Count=46650, Max=54079, Min=792, Avg=2138.26, 50=1774, 90=2895, 99=9255, 99.9=34655, 99.99=45663] 
2026-08-30 05:47:14:752 610 sec: 2304089 operations; 4156.32 current ops/sec; est completion in 25 minutes [READ: Count=41540, Max=286719, Min=805, Avg=2397.06, 50=1874, 90=3157, 99=10447, 99.9=51807, 99.99=260735] 
2026-08-30 05:47:24:749 620 sec: 2351096 operations; 4700.23 current ops/sec; est completion in 24 minutes [READ: Count=47011, Max=58271, Min=770, Avg=2120.45, 50=1799, 90=3009, 99=7919, 99.9=22351, 99.99=57215] 
2026-08-30 05:47:34:749 630 sec: 2397622 operations; 4652.6 current ops/sec; est completion in 24 minutes [READ: Count=46535, Max=47615, Min=803, Avg=2143.44, 50=1782, 90=2921, 99=9455, 99.9=31007, 99.99=43423] 
2026-08-30 05:47:44:749 640 sec: 2438531 operations; 4090.9 current ops/sec; est completion in 24 minutes [READ: Count=40893, Max=136319, Min=748, Avg=2437.24, 50=1884, 90=3221, 99=13831, 99.9=54719, 99.99=117119] 
2026-08-30 05:47:54:749 650 sec: 2474517 operations; 3598.96 current ops/sec; est completion in 24 minutes [READ: Count=35986, Max=60159, Min=785, Avg=2767.92, 50=1819, 90=3277, 99=31871, 99.9=54879, 99.99=59999] 
2026-08-30 05:48:04:749 660 sec: 2510786 operations; 3626.9 current ops/sec; est completion in 24 minutes [READ: Count=36269, Max=62047, Min=809, Avg=2754.4, 50=1765, 90=3057, 99=32223, 99.9=50879, 99.99=58687] 
2026-08-30 05:48:14:749 670 sec: 2541989 operations; 3120.3 current ops/sec; est completion in 23 minutes [READ: Count=31203, Max=292607, Min=791, Avg=3195.63, 50=1798, 90=3531, 99=43039, 99.9=82239, 99.99=209151] 
2026-08-30 05:48:24:749 680 sec: 2585007 operations; 4301.37 current ops/sec; est completion in 23 minutes [READ: Count=43020, Max=81471, Min=789, Avg=2320.87, 50=1738, 90=2939, 99=11335, 99.9=67903, 99.99=76735] 
2026-08-30 05:48:34:750 690 sec: 2634601 operations; 4959.4 current ops/sec; est completion in 23 minutes [READ: Count=49593, Max=66943, Min=812, Avg=2010.45, 50=1727, 90=2741, 99=5439, 99.9=36127, 99.99=53631] 
2026-08-30 05:48:44:751 700 sec: 2678180 operations; 4357.9 current ops/sec; est completion in 23 minutes [READ: Count=43582, Max=251519, Min=832, Avg=2286.78, 50=1820, 90=3057, 99=7779, 99.9=48639, 99.99=213119] 
2026-08-30 05:48:54:750 710 sec: 2727385 operations; 4920.5 current ops/sec; est completion in 22 minutes [READ: Count=49212, Max=62687, Min=801, Avg=2025.58, 50=1737, 90=2889, 99=5763, 99.9=27759, 99.99=51135] 
2026-08-30 05:49:04:750 720 sec: 2777271 operations; 4988.6 current ops/sec; est completion in 22 minutes [READ: Count=49883, Max=49535, Min=798, Avg=1997.54, 50=1721, 90=2743, 99=5503, 99.9=33727, 99.99=44511] 
2026-08-30 05:49:14:751 730 sec: 2821422 operations; 4415.1 current ops/sec; est completion in 22 minutes [READ: Count=44143, Max=134143, Min=822, Avg=2256.89, 50=1797, 90=2983, 99=9551, 99.9=58079, 99.99=124607] 
2026-08-30 05:49:24:751 740 sec: 2870317 operations; 4889.5 current ops/sec; est completion in 22 minutes [READ: Count=48907, Max=64351, Min=765, Avg=2038.21, 50=1746, 90=2919, 99=5903, 99.9=29503, 99.99=53727] 
2026-08-30 05:49:34:749 750 sec: 2919053 operations; 4874.09 current ops/sec; est completion in 21 minutes [READ: Count=48727, Max=52191, Min=820, Avg=2045.67, 50=1738, 90=2849, 99=5927, 99.9=35167, 99.99=49471] 
2026-08-30 05:49:44:751 760 sec: 2962755 operations; 4369.76 current ops/sec; est completion in 21 minutes [READ: Count=43700, Max=183295, Min=819, Avg=2280.8, 50=1811, 90=3133, 99=8039, 99.9=51455, 99.99=155135] 
2026-08-30 05:49:54:749 770 sec: 3011480 operations; 4872.5 current ops/sec; est completion in 21 minutes [READ: Count=48730, Max=62399, Min=753, Avg=2045.57, 50=1735, 90=2943, 99=6003, 99.9=28975, 99.99=50111] 
2026-08-30 05:50:04:751 780 sec: 3059989 operations; 4850.41 current ops/sec; est completion in 21 minutes [READ: Count=48514, Max=56063, Min=800, Avg=2054.7, 50=1743, 90=2837, 99=5687, 99.9=38271, 99.99=51103] 
2026-08-30 05:50:14:749 790 sec: 3102726 operations; 4274.13 current ops/sec; est completion in 20 minutes [READ: Count=42727, Max=329471, Min=802, Avg=2331.88, 50=1827, 90=3159, 99=7507, 99.9=52607, 99.99=321023] 
2026-08-30 05:50:24:749 800 sec: 3150114 operations; 4738.8 current ops/sec; est completion in 20 minutes [READ: Count=47388, Max=65183, Min=769, Avg=2103.85, 50=1785, 90=3049, 99=6143, 99.9=30847, 99.99=62175] 
2026-08-30 05:50:34:750 810 sec: 3198671 operations; 4855.7 current ops/sec; est completion in 20 minutes [READ: Count=48557, Max=45663, Min=800, Avg=2053.35, 50=1760, 90=2847, 99=5847, 99.9=34495, 99.99=40511] 
2026-08-30 05:50:44:749 820 sec: 3242469 operations; 4379.8 current ops/sec; est completion in 20 minutes [READ: Count=43797, Max=470783, Min=828, Avg=2275.15, 50=1831, 90=3077, 99=6787, 99.9=36543, 99.99=469503] 
2026-08-30 05:50:54:749 830 sec: 3290943 operations; 4847.88 current ops/sec; est completion in 19 minutes [READ: Count=48475, Max=59199, Min=779, Avg=2056.94, 50=1757, 90=2963, 99=5999, 99.9=29551, 99.99=50911] 
2026-08-30 05:51:04:749 840 sec: 3340025 operations; 4907.71 current ops/sec; est completion in 19 minutes [READ: Count=49088, Max=50367, Min=789, Avg=2031.31, 50=1749, 90=2795, 99=5707, 99.9=36991, 99.99=50079] 
2026-08-30 05:51:14:750 850 sec: 3382890 operations; 4286.5 current ops/sec; est completion in 19 minutes [READ: Count=42861, Max=341503, Min=799, Avg=2324.35, 50=1849, 90=3213, 99=8099, 99.9=47167, 99.99=205055] 
2026-08-30 05:51:24:750 860 sec: 3430944 operations; 4805.4 current ops/sec; est completion in 19 minutes [READ: Count=48058, Max=61567, Min=784, Avg=2075.07, 50=1785, 90=2987, 99=5955, 99.9=27583, 99.99=57055] 
2026-08-30 05:51:34:749 870 sec: 3479952 operations; 4900.8 current ops/sec; est completion in 18 minutes [READ: Count=49004, Max=68351, Min=826, Avg=2033.84, 50=1740, 90=2763, 99=5471, 99.9=38047, 99.99=46367] 
2026-08-30 05:51:44:752 880 sec: 3523282 operations; 4333 current ops/sec; est completion in 18 minutes [READ: Count=43342, Max=460031, Min=797, Avg=2299.93, 50=1845, 90=3153, 99=7375, 99.9=40735, 99.99=371967] 
2026-08-30 05:51:54:749 890 sec: 3572205 operations; 4892.3 current ops/sec; est completion in 18 minutes [READ: Count=48910, Max=61791, Min=755, Avg=2037.36, 50=1748, 90=2897, 99=5743, 99.9=29551, 99.99=57215] 
2026-08-30 05:52:04:749 900 sec: 3621290 operations; 4908.5 current ops/sec; est completion in 18 minutes [READ: Count=49093, Max=68159, Min=785, Avg=2030.64, 50=1746, 90=2799, 99=5847, 99.9=30463, 99.99=45759] 
2026-08-30 05:52:14:749 910 sec: 3663718 operations; 4242.8 current ops/sec; est completion in 17 minutes [READ: Count=42427, Max=294655, Min=840, Avg=2345.63, 50=1846, 90=3193, 99=8239, 99.9=51327, 99.99=263167] 
2026-08-30 05:52:24:750 920 sec: 3711861 operations; 4814.3 current ops/sec; est completion in 17 minutes [READ: Count=48137, Max=61375, Min=817, Avg=2070.31, 50=1762, 90=2929, 99=6143, 99.9=31151, 99.99=42719] 
2026-08-30 05:52:34:749 930 sec: 3760588 operations; 4872.7 current ops/sec; est completion in 17 minutes [READ: Count=48725, Max=47903, Min=796, Avg=2045.59, 50=1746, 90=2815, 99=5791, 99.9=33247, 99.99=46079] 
2026-08-30 05:52:44:749 940 sec: 3803665 operations; 4307.7 current ops/sec; est completion in 17 minutes [READ: Count=43076, Max=123519, Min=821, Avg=2314.23, 50=1837, 90=3159, 99=9703, 99.9=48127, 99.99=110463] 
