/usr/local/openjdk-11/bin/java  -classpath /YCSB/conf:/YCSB/core/target/core-0.18.0-SNAPSHOT.jar:/YCSB/core/target/dependency/HdrHistogram-2.1.12.jar:/YCSB/core/target/dependency/htrace-core4-4.1.0-incubating.jar:/YCSB/core/target/dependency/jackson-core-asl-1.9.4.jar:/YCSB/core/target/dependency/jackson-mapper-asl-1.9.4.jar:/YCSB/mongodb/target/mongodb-binding-0.18.0-SNAPSHOT.jar:/YCSB/mongodb/target/dependency/bson-5.1.0.jar:/YCSB/mongodb/target/dependency/bson-record-codec-5.1.0.jar:/YCSB/mongodb/target/dependency/logback-classic-1.1.2.jar:/YCSB/mongodb/target/dependency/logback-core-1.1.2.jar:/YCSB/mongodb/target/dependency/mongodb-async-driver-2.0.1.jar:/YCSB/mongodb/target/dependency/mongodb-driver-core-5.1.0.jar:/YCSB/mongodb/target/dependency/mongodb-driver-sync-5.1.0.jar:/YCSB/mongodb/target/dependency/slf4j-api-1.7.25.jar:/YCSB/mongodb/target/dependency/snappy-java-1.1.7.1.jar site.ycsb.Client -t -db site.ycsb.db.MongoDbClient -s -P workloads/workloadr -p operationcount=8000000 -p mongodb.url=mongodb://root:mongodb123@my-mongodb-sharded:27017/ycsb?authSource=admin&readPreference=nearest -threads 10
Command line: -t -db site.ycsb.db.MongoDbClient -s -P workloads/workloadr -p operationcount=8000000 -p mongodb.url=mongodb://root:mongodb123@my-mongodb-sharded:27017/ycsb?authSource=admin&readPreference=nearest -threads 10
YCSB Client 0.18.0-SNAPSHOT

Loading workload...
Starting test.
2026-08-30 02:51:29:011 0 sec: 0 operations; est completion in 0 second 
mongo client connection created with mongodb://root:mongodb123@my-mongodb-sharded:27017/ycsb?authSource=admin&readPreference=nearest
DBWrapper: report latency for each error is false and specific error codes to track for latency are: []
2026-08-30 02:51:38:891 10 sec: 14443 operations; 1443.72 current ops/sec; est completion in 1 hour 32 minutes [READ: Count=14495, Max=616959, Min=1028, Avg=6248.69, 50=3761, 90=10511, 99=40799, 99.9=202367, 99.99=606207] 
2026-08-30 02:51:48:883 20 sec: 42008 operations; 2757.05 current ops/sec; est completion in 1 hour 3 minutes [READ: Count=27520, Max=41855, Min=917, Avg=3591.98, 50=3025, 90=5835, 99=12959, 99.9=25231, 99.99=33887] 
2026-08-30 02:51:58:880 30 sec: 68606 operations; 2660.33 current ops/sec; est completion in 57 minutes [READ: Count=26607, Max=75647, Min=865, Avg=3717.44, 50=2731, 90=5399, 99=26591, 99.9=64063, 99.99=73919] 
2026-08-30 02:52:08:880 40 sec: 96293 operations; 2768.7 current ops/sec; est completion in 54 minutes [READ: Count=27679, Max=218879, Min=844, Avg=3594.15, 50=2403, 90=4883, 99=30159, 99.9=103935, 99.99=205567] 
2026-08-30 02:52:18:883 50 sec: 127203 operations; 3090.69 current ops/sec; est completion in 51 minutes [READ: Count=30918, Max=44703, Min=846, Avg=3225.46, 50=2249, 90=4069, 99=30719, 99.9=37727, 99.99=42975] 
2026-08-30 02:52:28:883 60 sec: 154366 operations; 2716.3 current ops/sec; est completion in 50 minutes [READ: Count=27162, Max=75967, Min=787, Avg=3669.58, 50=2243, 90=4139, 99=50079, 99.9=69375, 99.99=74495] 
2026-08-30 02:52:38:884 70 sec: 182814 operations; 2845.08 current ops/sec; est completion in 49 minutes [READ: Count=28435, Max=168319, Min=792, Avg=3502.32, 50=2371, 90=4835, 99=30879, 99.9=48415, 99.99=163199] 
2026-08-30 02:52:48:882 80 sec: 214068 operations; 3125.4 current ops/sec; est completion in 48 minutes [READ: Count=31270, Max=46367, Min=856, Avg=3188.04, 50=2209, 90=3917, 99=31439, 99.9=37087, 99.99=45855] 
2026-08-30 02:52:58:881 90 sec: 241253 operations; 2718.5 current ops/sec; est completion in 48 minutes [READ: Count=27201, Max=86207, Min=811, Avg=3665.3, 50=2249, 90=4039, 99=38559, 99.9=67647, 99.99=77503] 
2026-08-30 02:53:08:883 100 sec: 269863 operations; 2861 current ops/sec; est completion in 47 minutes [READ: Count=28596, Max=212863, Min=845, Avg=3484.12, 50=2369, 90=4707, 99=30543, 99.9=60863, 99.99=111615] 
2026-08-30 02:53:18:887 110 sec: 300872 operations; 3100.9 current ops/sec; est completion in 46 minutes [READ: Count=31016, Max=43071, Min=804, Avg=3215.97, 50=2201, 90=3961, 99=31839, 99.9=38431, 99.99=42111] 
2026-08-30 02:53:28:885 120 sec: 327708 operations; 2683.06 current ops/sec; est completion in 46 minutes [READ: Count=26849, Max=79615, Min=803, Avg=3715.96, 50=2209, 90=3945, 99=49439, 99.9=68607, 99.99=77695] 
2026-08-30 02:53:38:881 130 sec: 356190 operations; 2848.77 current ops/sec; est completion in 46 minutes [READ: Count=28471, Max=190463, Min=849, Avg=3500.05, 50=2393, 90=4887, 99=30687, 99.9=57663, 99.99=145919] 
2026-08-30 02:53:48:882 140 sec: 387369 operations; 3117.9 current ops/sec; est completion in 45 minutes [READ: Count=31161, Max=42879, Min=871, Avg=3199.74, 50=2207, 90=3867, 99=31743, 99.9=37695, 99.99=40351] 
2026-08-30 02:53:58:885 150 sec: 414614 operations; 2724.5 current ops/sec; est completion in 45 minutes [READ: Count=27251, Max=77823, Min=840, Avg=3662.63, 50=2209, 90=4049, 99=38655, 99.9=69055, 99.99=74879] 
2026-08-30 02:54:08:882 160 sec: 442688 operations; 2807.4 current ops/sec; est completion in 45 minutes [READ: Count=28079, Max=262655, Min=836, Avg=3549.88, 50=2351, 90=4771, 99=32735, 99.9=52447, 99.99=200703] 
2026-08-30 02:54:18:881 170 sec: 473628 operations; 3094 current ops/sec; est completion in 45 minutes [READ: Count=30927, Max=57215, Min=832, Avg=3222.73, 50=2219, 90=4003, 99=31919, 99.9=39103, 99.99=42783] 
2026-08-30 02:54:28:881 180 sec: 500679 operations; 2705.1 current ops/sec; est completion in 44 minutes [READ: Count=27045, Max=79167, Min=836, Avg=3688.53, 50=2221, 90=4009, 99=43743, 99.9=70591, 99.99=77567] 
2026-08-30 02:54:38:881 190 sec: 529479 operations; 2880 current ops/sec; est completion in 44 minutes [READ: Count=28809, Max=172799, Min=843, Avg=3461.1, 50=2365, 90=4855, 99=30015, 99.9=43263, 99.99=126975] 
2026-08-30 02:54:48:880 200 sec: 560616 operations; 3113.7 current ops/sec; est completion in 44 minutes [READ: Count=31125, Max=71039, Min=846, Avg=3203.55, 50=2181, 90=3853, 99=33087, 99.9=39135, 99.99=43519] 
2026-08-30 02:54:58:881 210 sec: 587935 operations; 2731.9 current ops/sec; est completion in 44 minutes [READ: Count=27345, Max=78143, Min=805, Avg=3650.78, 50=2201, 90=3981, 99=39231, 99.9=68799, 99.99=77247] 
2026-08-30 02:55:08:881 220 sec: 615672 operations; 2773.42 current ops/sec; est completion in 43 minutes [READ: Count=27742, Max=159615, Min=826, Avg=3595.28, 50=2411, 90=5223, 99=31535, 99.9=51359, 99.99=121023] 
2026-08-30 02:55:18:881 230 sec: 642648 operations; 2697.6 current ops/sec; est completion in 43 minutes [READ: Count=26965, Max=71487, Min=858, Avg=3698.72, 50=2243, 90=4029, 99=46815, 99.9=64639, 99.99=70975] 
2026-08-30 02:55:28:880 240 sec: 661515 operations; 1886.89 current ops/sec; est completion in 44 minutes [READ: Count=18865, Max=89727, Min=842, Avg=5292.15, 50=2289, 90=4335, 99=67967, 99.9=76863, 99.99=82367] 
2026-08-30 02:55:38:888 250 sec: 685146 operations; 2362.86 current ops/sec; est completion in 44 minutes [READ: Count=23661, Max=87743, Min=866, Avg=4221.96, 50=2399, 90=5319, 99=50527, 99.9=64191, 99.99=75263] 
2026-08-30 02:55:48:880 260 sec: 709845 operations; 2470.15 current ops/sec; est completion in 44 minutes [READ: Count=24656, Max=75007, Min=849, Avg=4042.16, 50=2193, 90=3999, 99=45887, 99.9=61567, 99.99=73279] 
2026-08-30 02:55:58:880 270 sec: 734095 operations; 2425 current ops/sec; est completion in 44 minutes [READ: Count=24245, Max=81215, Min=849, Avg=4097.97, 50=2203, 90=4135, 99=57439, 99.9=72895, 99.99=78527] 
2026-08-30 02:56:08:880 280 sec: 756398 operations; 2230.3 current ops/sec; est completion in 44 minutes [READ: Count=22303, Max=158335, Min=855, Avg=4491.22, 50=2303, 90=5331, 99=56959, 99.9=80255, 99.99=90687] 
2026-08-30 02:56:18:881 290 sec: 796226 operations; 3982.8 current ops/sec; est completion in 43 minutes [READ: Count=39853, Max=56543, Min=878, Avg=2502.73, 50=2235, 90=3765, 99=6907, 99.9=16247, 99.99=53663] 
2026-08-30 02:56:28:883 300 sec: 833644 operations; 3741.43 current ops/sec; est completion in 42 minutes [READ: Count=37396, Max=75967, Min=867, Avg=2664.08, 50=2169, 90=3643, 99=8463, 99.9=57023, 99.99=70463] 
2026-08-30 02:56:38:881 310 sec: 867953 operations; 3431.24 current ops/sec; est completion in 42 minutes [READ: Count=34315, Max=255999, Min=858, Avg=2904.72, 50=2269, 90=4187, 99=15231, 99.9=49759, 99.99=118783] 
2026-08-30 02:56:48:884 320 sec: 909545 operations; 4158.78 current ops/sec; est completion in 41 minutes [READ: Count=41584, Max=25423, Min=841, Avg=2397.37, 50=2159, 90=3651, 99=6371, 99.9=11887, 99.99=19055] 
2026-08-30 02:56:58:880 330 sec: 947236 operations; 3769.48 current ops/sec; est completion in 40 minutes [READ: Count=37699, Max=68479, Min=787, Avg=2642.5, 50=2139, 90=3637, 99=8887, 99.9=56319, 99.99=64767] 
2026-08-30 02:57:08:882 340 sec: 981518 operations; 3428.2 current ops/sec; est completion in 40 minutes [READ: Count=34273, Max=253183, Min=855, Avg=2904.14, 50=2271, 90=4203, 99=13695, 99.9=60479, 99.99=110335] 
2026-08-30 02:57:18:884 350 sec: 1023153 operations; 4162.67 current ops/sec; est completion in 39 minutes [READ: Count=41637, Max=34623, Min=854, Avg=2394.01, 50=2153, 90=3589, 99=6387, 99.9=12495, 99.99=23055] 
2026-08-30 02:57:28:882 360 sec: 1060558 operations; 3740.87 current ops/sec; est completion in 39 minutes [READ: Count=37417, Max=93055, Min=862, Avg=2663.81, 50=2159, 90=3637, 99=8183, 99.9=57087, 99.99=69247] 
2026-08-30 02:57:38:883 370 sec: 1094428 operations; 3387.34 current ops/sec; est completion in 38 minutes [READ: Count=33895, Max=175871, Min=852, Avg=2940.95, 50=2273, 90=4223, 99=12815, 99.9=84671, 99.99=150783] 
2026-08-30 02:57:48:885 380 sec: 1136093 operations; 4166.5 current ops/sec; est completion in 38 minutes [READ: Count=41639, Max=66239, Min=825, Avg=2391.69, 50=2147, 90=3611, 99=6383, 99.9=13759, 99.99=23375] 
2026-08-30 02:57:58:883 390 sec: 1174164 operations; 3806.72 current ops/sec; est completion in 37 minutes [READ: Count=38077, Max=64895, Min=841, Avg=2618.63, 50=2135, 90=3595, 99=8367, 99.9=57055, 99.99=64767] 
2026-08-30 02:58:08:884 400 sec: 1208530 operations; 3436.26 current ops/sec; est completion in 37 minutes [READ: Count=34369, Max=218367, Min=877, Avg=2901, 50=2273, 90=4199, 99=13423, 99.9=60735, 99.99=192127] 
2026-08-30 02:58:18:891 410 sec: 1249487 operations; 4094.06 current ops/sec; est completion in 36 minutes [READ: Count=40950, Max=32495, Min=843, Avg=2433.96, 50=2177, 90=3705, 99=6539, 99.9=12463, 99.99=28575] 
2026-08-30 02:58:28:880 420 sec: 1287239 operations; 3777.47 current ops/sec; est completion in 36 minutes [READ: Count=37738, Max=74687, Min=839, Avg=2638.4, 50=2127, 90=3601, 99=8559, 99.9=55711, 99.99=71295] 
2026-08-30 02:58:38:884 430 sec: 1322373 operations; 3513.05 current ops/sec; est completion in 36 minutes [READ: Count=35135, Max=157439, Min=806, Avg=2836.23, 50=2249, 90=4199, 99=13319, 99.9=44959, 99.99=89535] 
2026-08-30 02:58:48:880 440 sec: 1364941 operations; 4257.23 current ops/sec; est completion in 35 minutes [READ: Count=42577, Max=48255, Min=827, Avg=2339.67, 50=2101, 90=3525, 99=5963, 99.9=15431, 99.99=23887] 
2026-08-30 02:58:58:881 450 sec: 1403015 operations; 3807.02 current ops/sec; est completion in 35 minutes [READ: Count=38064, Max=70911, Min=835, Avg=2618.62, 50=2115, 90=3643, 99=8335, 99.9=55999, 99.99=68799] 
2026-08-30 02:59:08:882 460 sec: 1438110 operations; 3509.85 current ops/sec; est completion in 34 minutes [READ: Count=35100, Max=135295, Min=839, Avg=2838.44, 50=2223, 90=4171, 99=14367, 99.9=47007, 99.99=119423] 
2026-08-30 02:59:18:882 470 sec: 1479773 operations; 4166.3 current ops/sec; est completion in 34 minutes [READ: Count=41688, Max=72383, Min=873, Avg=2391.69, 50=2141, 90=3635, 99=6271, 99.9=13735, 99.99=30495] 
2026-08-30 02:59:28:885 480 sec: 1518025 operations; 3824.82 current ops/sec; est completion in 34 minutes [READ: Count=38229, Max=81791, Min=856, Avg=2605.53, 50=2111, 90=3581, 99=8159, 99.9=57311, 99.99=67327] 
2026-08-30 02:59:38:883 490 sec: 1553023 operations; 3500.15 current ops/sec; est completion in 33 minutes [READ: Count=35011, Max=335103, Min=837, Avg=2846.85, 50=2211, 90=4071, 99=13407, 99.9=55839, 99.99=149247] 
2026-08-30 02:59:48:884 500 sec: 1595287 operations; 4225.55 current ops/sec; est completion in 33 minutes [READ: Count=42252, Max=51135, Min=854, Avg=2358.4, 50=2117, 90=3553, 99=6271, 99.9=15151, 99.99=22799] 
2026-08-30 02:59:58:882 510 sec: 1633318 operations; 3803.86 current ops/sec; est completion in 33 minutes [READ: Count=38036, Max=74431, Min=825, Avg=2620.15, 50=2113, 90=3599, 99=8391, 99.9=59903, 99.99=68607] 
2026-08-30 03:00:08:884 520 sec: 1661519 operations; 2818.97 current ops/sec; est completion in 33 minutes [READ: Count=28187, Max=267775, Min=865, Avg=3530.34, 50=2569, 90=5323, 99=20239, 99.9=81855, 99.99=168447] 
2026-08-30 03:00:18:880 530 sec: 1699326 operations; 3782.21 current ops/sec; est completion in 32 minutes [READ: Count=37828, Max=43071, Min=866, Avg=2633.55, 50=2319, 90=4111, 99=7531, 99.9=15671, 99.99=34719] 
2026-08-30 03:00:28:886 540 sec: 1735536 operations; 3621 current ops/sec; est completion in 32 minutes [READ: Count=36225, Max=72063, Min=866, Avg=2752.75, 50=2253, 90=3829, 99=8815, 99.9=55807, 99.99=62655] 
2026-08-30 03:00:38:883 550 sec: 1769024 operations; 3348.8 current ops/sec; est completion in 32 minutes [READ: Count=33453, Max=231039, Min=878, Avg=2975.78, 50=2297, 90=4235, 99=14727, 99.9=67391, 99.99=147583] 
2026-08-30 03:00:48:886 560 sec: 1809766 operations; 4074.2 current ops/sec; est completion in 31 minutes [READ: Count=40767, Max=33631, Min=826, Avg=2445.56, 50=2201, 90=3717, 99=6339, 99.9=12183, 99.99=26767] 
2026-08-30 03:00:58:882 570 sec: 1847094 operations; 3732.43 current ops/sec; est completion in 31 minutes [READ: Count=37320, Max=77375, Min=859, Avg=2669.47, 50=2195, 90=3747, 99=8087, 99.9=56255, 99.99=70335] 
2026-08-30 03:01:08:881 580 sec: 1880450 operations; 3335.6 current ops/sec; est completion in 31 minutes [READ: Count=33352, Max=278015, Min=867, Avg=2984.64, 50=2271, 90=4199, 99=18255, 99.9=60799, 99.99=165119] 
2026-08-30 03:01:18:881 590 sec: 1921587 operations; 4113.7 current ops/sec; est completion in 31 minutes [READ: Count=41129, Max=31695, Min=858, Avg=2421.73, 50=2167, 90=3677, 99=6607, 99.9=15055, 99.99=25807] 
2026-08-30 03:01:28:881 600 sec: 1957989 operations; 3640.2 current ops/sec; est completion in 30 minutes [READ: Count=36409, Max=80319, Min=785, Avg=2737.04, 50=2213, 90=3807, 99=9343, 99.9=57119, 99.99=74495] 
2026-08-30 03:01:38:886 610 sec: 1990674 operations; 3268.83 current ops/sec; est completion in 30 minutes [READ: Count=32684, Max=146943, Min=852, Avg=3048.36, 50=2325, 90=4459, 99=16311, 99.9=62175, 99.99=131327] 
2026-08-30 03:01:48:884 620 sec: 2031386 operations; 4070.79 current ops/sec; est completion in 30 minutes [READ: Count=40701, Max=67327, Min=846, Avg=2446.5, 50=2203, 90=3713, 99=6367, 99.9=11895, 99.99=26879] 
2026-08-30 03:01:58:884 630 sec: 2068239 operations; 3684.56 current ops/sec; est completion in 30 minutes [READ: Count=36852, Max=71679, Min=888, Avg=2701.91, 50=2211, 90=3795, 99=8759, 99.9=54943, 99.99=69183] 
2026-08-30 03:02:08:884 640 sec: 2100632 operations; 3238.98 current ops/sec; est completion in 29 minutes [READ: Count=32403, Max=196735, Min=881, Avg=3076, 50=2335, 90=4527, 99=16671, 99.9=63039, 99.99=129215] 
2026-08-30 03:02:18:882 650 sec: 2140178 operations; 3956.18 current ops/sec; est completion in 29 minutes [READ: Count=39541, Max=77567, Min=853, Avg=2516.77, 50=2249, 90=3859, 99=6803, 99.9=14863, 99.99=43359] 
2026-08-30 03:02:28:881 660 sec: 2175929 operations; 3575.1 current ops/sec; est completion in 29 minutes [READ: Count=35750, Max=72447, Min=878, Avg=2787.25, 50=2249, 90=3927, 99=10359, 99.9=53119, 99.99=71871] 
2026-08-30 03:02:38:881 670 sec: 2210461 operations; 3453.2 current ops/sec; est completion in 29 minutes [READ: Count=34539, Max=223487, Min=830, Avg=2884.79, 50=2253, 90=4199, 99=14887, 99.9=50527, 99.99=101887] 
2026-08-30 03:02:48:881 680 sec: 2252305 operations; 4184.4 current ops/sec; est completion in 28 minutes [READ: Count=41853, Max=93951, Min=847, Avg=2380.76, 50=2133, 90=3577, 99=6399, 99.9=15759, 99.99=32159] 
2026-08-30 03:02:58:881 690 sec: 2289537 operations; 3722.83 current ops/sec; est completion in 28 minutes [READ: Count=37213, Max=77759, Min=819, Avg=2676.17, 50=2171, 90=3705, 99=8463, 99.9=55551, 99.99=69055] 
2026-08-30 03:03:08:883 700 sec: 2323182 operations; 3363.83 current ops/sec; est completion in 28 minutes [READ: Count=33660, Max=258047, Min=844, Avg=2960.06, 50=2319, 90=4439, 99=15167, 99.9=49407, 99.99=87423] 
2026-08-30 03:03:18:881 710 sec: 2360203 operations; 3703.21 current ops/sec; est completion in 28 minutes [READ: Count=37005, Max=83519, Min=843, Avg=2692.48, 50=2127, 90=3699, 99=17503, 99.9=49023, 99.99=77439] 
2026-08-30 03:03:28:881 720 sec: 2382866 operations; 2266.3 current ops/sec; est completion in 28 minutes [READ: Count=22671, Max=534527, Min=861, Avg=4402.69, 50=2133, 90=4275, 99=59967, 99.9=75391, 99.99=528383] 
2026-08-30 03:03:38:883 730 sec: 2411169 operations; 2830.3 current ops/sec; est completion in 28 minutes [READ: Count=28310, Max=119167, Min=858, Avg=3521.08, 50=2271, 90=4567, 99=38015, 99.9=54271, 99.99=75647] 
2026-08-30 03:03:48:880 740 sec: 2447185 operations; 3601.6 current ops/sec; est completion in 28 minutes [READ: Count=36001, Max=553983, Min=795, Avg=2766.64, 50=2145, 90=3639, 99=7567, 99.9=49791, 99.99=548863] 
2026-08-30 03:03:58:880 750 sec: 2476482 operations; 2929.7 current ops/sec; est completion in 27 minutes [READ: Count=29297, Max=87615, Min=785, Avg=3401.19, 50=2123, 90=4003, 99=37375, 99.9=51295, 99.99=60415] 
2026-08-30 03:04:08:882 760 sec: 2506074 operations; 2959.2 current ops/sec; est completion in 27 minutes [READ: Count=29597, Max=162047, Min=828, Avg=3376.34, 50=2291, 90=4631, 99=32639, 99.9=54719, 99.99=134655] 
2026-08-30 03:04:18:880 770 sec: 2543374 operations; 3730 current ops/sec; est completion in 27 minutes [READ: Count=37313, Max=85951, Min=808, Avg=2671.27, 50=2127, 90=3711, 99=18639, 99.9=44063, 99.99=55679] 
2026-08-30 03:04:28:880 780 sec: 2574271 operations; 3089.7 current ops/sec; est completion in 27 minutes [READ: Count=30886, Max=77823, Min=814, Avg=3229.5, 50=2115, 90=3989, 99=34175, 99.9=49791, 99.99=58847] 
2026-08-30 03:04:38:883 790 sec: 2602482 operations; 2820.82 current ops/sec; est completion in 27 minutes [READ: Count=28230, Max=281855, Min=837, Avg=3534.24, 50=2275, 90=4811, 99=35263, 99.9=61983, 99.99=177023] 
2026-08-30 03:04:48:883 800 sec: 2639841 operations; 3736.27 current ops/sec; est completion in 27 minutes [READ: Count=37344, Max=84031, Min=795, Avg=2668.44, 50=2121, 90=3681, 99=19359, 99.9=48031, 99.99=57471] 
2026-08-30 03:04:58:881 810 sec: 2672528 operations; 3268.7 current ops/sec; est completion in 26 minutes [READ: Count=32688, Max=86399, Min=824, Avg=3050.72, 50=2129, 90=3957, 99=29087, 99.9=46367, 99.99=54591] 
2026-08-30 03:05:08:881 820 sec: 2700546 operations; 2801.52 current ops/sec; est completion in 26 minutes [READ: Count=28010, Max=124799, Min=821, Avg=3560.75, 50=2279, 90=4835, 99=35807, 99.9=62335, 99.99=121727] 
2026-08-30 03:05:18:882 830 sec: 2737810 operations; 3726.77 current ops/sec; est completion in 26 minutes [READ: Count=37265, Max=89279, Min=837, Avg=2675.97, 50=2149, 90=3659, 99=18127, 99.9=43487, 99.99=70079] 
2026-08-30 03:05:28:883 840 sec: 2770808 operations; 3299.8 current ops/sec; est completion in 26 minutes [READ: Count=33014, Max=87679, Min=832, Avg=3021.68, 50=2137, 90=3805, 99=30911, 99.9=51263, 99.99=72575] 
2026-08-30 03:05:38:884 850 sec: 2798734 operations; 2792.32 current ops/sec; est completion in 26 minutes [READ: Count=27910, Max=156671, Min=803, Avg=3571.8, 50=2271, 90=4811, 99=35167, 99.9=68863, 99.99=143487] 
2026-08-30 03:05:48:883 860 sec: 2836035 operations; 3729.35 current ops/sec; est completion in 26 minutes [READ: Count=37310, Max=87487, Min=821, Avg=2672.63, 50=2145, 90=3693, 99=18271, 99.9=43103, 99.99=81471] 
2026-08-30 03:05:58:882 870 sec: 2869141 operations; 3310.93 current ops/sec; est completion in 25 minutes [READ: Count=33111, Max=88127, Min=853, Avg=3011.52, 50=2179, 90=4025, 99=27167, 99.9=49823, 99.99=61983] 
2026-08-30 03:06:08:881 880 sec: 2897498 operations; 2835.98 current ops/sec; est completion in 25 minutes [READ: Count=28338, Max=376831, Min=811, Avg=3517.45, 50=2231, 90=4767, 99=34047, 99.9=54111, 99.99=216063] 
2026-08-30 03:06:18:881 890 sec: 2938559 operations; 4106.51 current ops/sec; est completion in 25 minutes [READ: Count=41084, Max=69887, Min=818, Avg=2426.9, 50=2181, 90=3671, 99=6291, 99.9=14655, 99.99=37823] 
2026-08-30 03:06:28:880 900 sec: 2975808 operations; 3724.9 current ops/sec; est completion in 25 minutes [READ: Count=37226, Max=90623, Min=817, Avg=2675.12, 50=2147, 90=3661, 99=9223, 99.9=58559, 99.99=71167] 
2026-08-30 03:06:38:884 910 sec: 3010925 operations; 3511.7 current ops/sec; est completion in 25 minutes [READ: Count=35133, Max=182271, Min=860, Avg=2834.17, 50=2261, 90=4191, 99=12479, 99.9=52639, 99.99=125887] 
2026-08-30 03:06:48:880 920 sec: 3025056 operations; 1413.1 current ops/sec; est completion in 25 minutes [READ: Count=14115, Max=49183, Min=886, Avg=2440.03, 50=2169, 90=3639, 99=6051, 99.9=32623, 99.99=40191] 
2026-08-30 03:06:58:881 930 sec: 3060853 operations; 3579.34 current ops/sec; est completion in 25 minutes [READ: Count=35829, Max=7028735, Min=842, Avg=4609.44, 50=2155, 90=3717, 99=8911, 99.9=57567, 99.99=6991871] 
2026-08-30 03:07:08:882 940 sec: 3094654 operations; 3380.44 current ops/sec; est completion in 24 minutes [READ: Count=33790, Max=200063, Min=884, Avg=2947.53, 50=2295, 90=4343, 99=17247, 99.9=45183, 99.99=89023] 
2026-08-30 03:07:18:881 950 sec: 3135875 operations; 4122.1 current ops/sec; est completion in 24 minutes [READ: Count=41200, Max=61503, Min=864, Avg=2416.18, 50=2183, 90=3627, 99=6319, 99.9=13271, 99.99=27487] 
2026-08-30 03:07:28:880 960 sec: 3174780 operations; 3890.5 current ops/sec; est completion in 24 minutes [READ: Count=38914, Max=74431, Min=809, Avg=2556.72, 50=2141, 90=3705, 99=8455, 99.9=41983, 99.99=71167] 
2026-08-30 03:07:38:885 970 sec: 3208947 operations; 3416.36 current ops/sec; est completion in 24 minutes [READ: Count=34170, Max=88959, Min=813, Avg=2917.58, 50=2279, 90=4359, 99=16127, 99.9=50655, 99.99=77247] 
2026-08-30 03:07:48:880 980 sec: 3250034 operations; 4109.11 current ops/sec; est completion in 23 minutes [READ: Count=41076, Max=58239, Min=821, Avg=2423.74, 50=2169, 90=3685, 99=6339, 99.9=13879, 99.99=28335] 
2026-08-30 03:07:58:884 990 sec: 3289618 operations; 3958 current ops/sec; est completion in 23 minutes [READ: Count=39592, Max=59295, Min=824, Avg=2518.35, 50=2147, 90=3657, 99=7999, 99.9=41695, 99.99=54143] 
2026-08-30 03:08:08:885 1000 sec: 3322332 operations; 3271.73 current ops/sec; est completion in 23 minutes [READ: Count=32705, Max=246015, Min=851, Avg=3045.54, 50=2311, 90=4419, 99=17679, 99.9=64351, 99.99=174335] 
2026-08-30 03:08:18:881 1010 sec: 3363344 operations; 4100.79 current ops/sec; est completion in 23 minutes [READ: Count=41013, Max=55967, Min=776, Avg=2429.56, 50=2163, 90=3701, 99=6811, 99.9=13583, 99.99=33343] 
2026-08-30 03:08:28:880 1020 sec: 3402635 operations; 3929.49 current ops/sec; est completion in 22 minutes [READ: Count=39290, Max=110079, Min=826, Avg=2535.55, 50=2159, 90=3695, 99=7747, 99.9=42751, 99.99=63167] 
2026-08-30 03:08:38:881 1030 sec: 3436585 operations; 3395 current ops/sec; est completion in 22 minutes [READ: Count=33951, Max=164991, Min=773, Avg=2934.3, 50=2277, 90=4339, 99=17023, 99.9=45375, 99.99=70463] 
2026-08-30 03:08:48:883 1040 sec: 3477848 operations; 4125.89 current ops/sec; est completion in 22 minutes [READ: Count=41262, Max=54975, Min=808, Avg=2415.01, 50=2161, 90=3671, 99=6487, 99.9=13503, 99.99=28527] 
2026-08-30 03:08:58:884 1050 sec: 3517229 operations; 3938.49 current ops/sec; est completion in 22 minutes [READ: Count=39389, Max=66559, Min=777, Avg=2530.71, 50=2145, 90=3733, 99=8055, 99.9=39327, 99.99=64031] 
2026-08-30 03:09:08:882 1060 sec: 3551158 operations; 3392.56 current ops/sec; est completion in 22 minutes [READ: Count=33922, Max=246015, Min=808, Avg=2934.43, 50=2273, 90=4331, 99=16719, 99.9=48383, 99.99=108287] 
2026-08-30 03:09:18:880 1070 sec: 3592405 operations; 4125.11 current ops/sec; est completion in 21 minutes [READ: Count=41246, Max=61407, Min=849, Avg=2414.71, 50=2161, 90=3659, 99=6331, 99.9=12439, 99.99=59871] 
2026-08-30 03:09:28:882 1080 sec: 3632094 operations; 3968.11 current ops/sec; est completion in 21 minutes [READ: Count=39699, Max=60447, Min=817, Avg=2511.44, 50=2141, 90=3699, 99=7639, 99.9=40543, 99.99=57471] 
2026-08-30 03:09:38:882 1090 sec: 3666102 operations; 3401.48 current ops/sec; est completion in 21 minutes [READ: Count=34017, Max=192383, Min=839, Avg=2929.88, 50=2231, 90=4255, 99=17039, 99.9=57599, 99.99=140415] 
2026-08-30 03:09:48:882 1100 sec: 3707427 operations; 4132.5 current ops/sec; est completion in 21 minutes [READ: Count=41318, Max=58975, Min=818, Avg=2410.86, 50=2153, 90=3675, 99=6479, 99.9=15311, 99.99=37535] 
2026-08-30 03:09:58:880 1110 sec: 3746768 operations; 3934.1 current ops/sec; est completion in 21 minutes [READ: Count=39329, Max=57791, Min=743, Avg=2531.56, 50=2153, 90=3697, 99=8127, 99.9=38463, 99.99=53151] 
2026-08-30 03:10:08:883 1120 sec: 3779677 operations; 3290.9 current ops/sec; est completion in 20 minutes [READ: Count=32913, Max=230783, Min=833, Avg=3028.22, 50=2291, 90=4467, 99=17439, 99.9=60063, 99.99=132479] 
2026-08-30 03:10:18:882 1130 sec: 3819302 operations; 3962.5 current ops/sec; est completion in 20 minutes [READ: Count=39624, Max=66879, Min=817, Avg=2514.39, 50=2223, 90=3911, 99=6923, 99.9=14839, 99.99=33215] 
2026-08-30 03:10:28:881 1140 sec: 3857430 operations; 3812.8 current ops/sec; est completion in 20 minutes [READ: Count=38126, Max=66943, Min=806, Avg=2613.58, 50=2165, 90=3871, 99=8807, 99.9=44991, 99.99=63423] 
2026-08-30 03:10:38:880 1150 sec: 3890524 operations; 3309.4 current ops/sec; est completion in 20 minutes [READ: Count=33093, Max=155263, Min=812, Avg=3012.37, 50=2299, 90=4467, 99=17935, 99.9=50687, 99.99=128127] 
2026-08-30 03:10:48:888 1160 sec: 3931043 operations; 4049.07 current ops/sec; est completion in 20 minutes [READ: Count=40519, Max=38239, Min=817, Avg=2458.99, 50=2175, 90=3769, 99=6823, 99.9=14647, 99.99=26063] 
2026-08-30 03:10:58:883 1170 sec: 3970064 operations; 3904.83 current ops/sec; est completion in 19 minutes [READ: Count=39035, Max=62175, Min=850, Avg=2552.48, 50=2169, 90=3759, 99=7843, 99.9=39967, 99.99=56735] 
2026-08-30 03:11:08:881 1180 sec: 4003561 operations; 3349.7 current ops/sec; est completion in 19 minutes [READ: Count=33484, Max=130047, Min=842, Avg=2974.63, 50=2287, 90=4411, 99=16975, 99.9=53983, 99.99=110079] 
2026-08-30 03:11:18:881 1190 sec: 4044555 operations; 4099.4 current ops/sec; est completion in 19 minutes [READ: Count=40993, Max=75583, Min=822, Avg=2429.58, 50=2173, 90=3695, 99=6455, 99.9=13903, 99.99=35967] 
2026-08-30 03:11:28:883 1200 sec: 4083940 operations; 3937.71 current ops/sec; est completion in 19 minutes [READ: Count=39385, Max=67903, Min=839, Avg=2529.63, 50=2153, 90=3675, 99=7931, 99.9=40287, 99.99=61023] 
2026-08-30 03:11:38:881 1210 sec: 4117695 operations; 3376.18 current ops/sec; est completion in 19 minutes [READ: Count=33755, Max=134143, Min=822, Avg=2952, 50=2267, 90=4335, 99=16247, 99.9=56447, 99.99=99391] 
2026-08-30 03:11:48:882 1220 sec: 4158776 operations; 4107.69 current ops/sec; est completion in 18 minutes [READ: Count=41099, Max=42815, Min=827, Avg=2426.08, 50=2165, 90=3679, 99=6375, 99.9=18191, 99.99=37535] 
2026-08-30 03:11:58:881 1230 sec: 4198295 operations; 3952.3 current ops/sec; est completion in 18 minutes [READ: Count=39510, Max=65727, Min=827, Avg=2521.55, 50=2139, 90=3723, 99=7983, 99.9=38431, 99.99=58399] 
2026-08-30 03:12:08:882 1240 sec: 4232106 operations; 3380.76 current ops/sec; est completion in 18 minutes [READ: Count=33803, Max=169727, Min=829, Avg=2949.02, 50=2253, 90=4187, 99=17487, 99.9=68287, 99.99=120575] 
2026-08-30 03:12:18:883 1250 sec: 4268926 operations; 3682 current ops/sec; est completion in 18 minutes [READ: Count=36828, Max=99775, Min=834, Avg=2705.54, 50=2267, 90=4243, 99=9663, 99.9=25327, 99.99=49951] 
2026-08-30 03:12:28:881 1260 sec: 4308385 operations; 3945.9 current ops/sec; est completion in 18 minutes [READ: Count=39464, Max=63871, Min=831, Avg=2525.24, 50=2151, 90=3693, 99=7403, 99.9=40159, 99.99=56095] 
2026-08-30 03:12:38:881 1270 sec: 4341984 operations; 3360.24 current ops/sec; est completion in 17 minutes [READ: Count=33585, Max=228863, Min=841, Avg=2967.26, 50=2277, 90=4335, 99=15607, 99.9=54911, 99.99=150271] 
2026-08-30 03:12:48:883 1280 sec: 4383388 operations; 4139.16 current ops/sec; est completion in 17 minutes [READ: Count=41418, Max=31423, Min=841, Avg=2406.61, 50=2163, 90=3641, 99=6343, 99.9=14639, 99.99=23279] 
2026-08-30 03:12:58:882 1290 sec: 4422697 operations; 3932.08 current ops/sec; est completion in 17 minutes [READ: Count=39297, Max=65663, Min=826, Avg=2534.23, 50=2157, 90=3705, 99=7815, 99.9=41151, 99.99=63039] 
2026-08-30 03:13:08:880 1300 sec: 4456073 operations; 3337.6 current ops/sec; est completion in 17 minutes [READ: Count=33378, Max=169855, Min=812, Avg=2983.91, 50=2299, 90=4443, 99=15831, 99.9=56063, 99.99=139647] 
2026-08-30 03:13:18:884 1310 sec: 4496854 operations; 4078.1 current ops/sec; est completion in 17 minutes [READ: Count=40791, Max=48895, Min=855, Avg=2444.57, 50=2187, 90=3731, 99=6683, 99.9=13639, 99.99=27263] 
2026-08-30 03:13:28:882 1320 sec: 4536029 operations; 3917.5 current ops/sec; est completion in 16 minutes [READ: Count=39161, Max=60095, Min=808, Avg=2542.92, 50=2157, 90=3703, 99=7975, 99.9=40799, 99.99=53055] 
2026-08-30 03:13:38:882 1330 sec: 4570359 operations; 3432.66 current ops/sec; est completion in 16 minutes [READ: Count=34331, Max=123519, Min=850, Avg=2903.13, 50=2231, 90=4207, 99=16183, 99.9=62175, 99.99=99391] 
2026-08-30 03:13:48:882 1340 sec: 4612445 operations; 4208.18 current ops/sec; est completion in 16 minutes [READ: Count=42099, Max=45087, Min=832, Avg=2367.21, 50=2131, 90=3573, 99=6067, 99.9=13511, 99.99=24463] 
2026-08-30 03:13:58:881 1350 sec: 4652358 operations; 3991.7 current ops/sec; est completion in 16 minutes [READ: Count=39899, Max=61503, Min=818, Avg=2495.87, 50=2135, 90=3603, 99=7475, 99.9=40799, 99.99=57279] 
2026-08-30 03:14:08:883 1360 sec: 4686539 operations; 3417.76 current ops/sec; est completion in 16 minutes [READ: Count=34195, Max=229503, Min=809, Avg=2914.81, 50=2221, 90=4163, 99=16687, 99.9=65599, 99.99=190335] 
2026-08-30 03:14:18:883 1370 sec: 4727782 operations; 4124.71 current ops/sec; est completion in 15 minutes [READ: Count=41229, Max=40223, Min=782, Avg=2415.55, 50=2155, 90=3691, 99=6459, 99.9=13679, 99.99=25791] 
2026-08-30 03:14:28:883 1380 sec: 4766880 operations; 3909.8 current ops/sec; est completion in 15 minutes [READ: Count=39110, Max=68671, Min=815, Avg=2547.47, 50=2165, 90=3717, 99=7959, 99.9=38943, 99.99=59135] 
2026-08-30 03:14:38:880 1390 sec: 4800830 operations; 3395.34 current ops/sec; est completion in 15 minutes [READ: Count=33938, Max=155135, Min=851, Avg=2935.58, 50=2261, 90=4275, 99=16975, 99.9=55967, 99.99=121855] 
2026-08-30 03:14:48:881 1400 sec: 4842254 operations; 4142.4 current ops/sec; est completion in 15 minutes [READ: Count=41425, Max=29903, Min=810, Avg=2404.96, 50=2167, 90=3645, 99=6383, 99.9=13007, 99.99=21535] 
2026-08-30 03:14:58:883 1410 sec: 4880696 operations; 3843.43 current ops/sec; est completion in 15 minutes [READ: Count=38441, Max=58847, Min=728, Avg=2592.93, 50=2195, 90=3801, 99=8167, 99.9=40159, 99.99=51519] 
2026-08-30 03:15:08:884 1420 sec: 4914335 operations; 3363.23 current ops/sec; est completion in 14 minutes [READ: Count=33643, Max=213503, Min=778, Avg=2962.56, 50=2263, 90=4319, 99=17151, 99.9=50879, 99.99=163455] 
2026-08-30 03:15:18:880 1430 sec: 4955381 operations; 4106.24 current ops/sec; est completion in 14 minutes [READ: Count=41042, Max=29903, Min=805, Avg=2424.52, 50=2181, 90=3685, 99=6419, 99.9=12431, 99.99=24127] 
2026-08-30 03:15:28:882 1440 sec: 4994917 operations; 3952.81 current ops/sec; est completion in 14 minutes [READ: Count=39536, Max=56351, Min=803, Avg=2521.4, 50=2167, 90=3687, 99=7703, 99.9=37631, 99.99=51007] 
2026-08-30 03:15:38:881 1450 sec: 5028903 operations; 3399.28 current ops/sec; est completion in 14 minutes [READ: Count=33986, Max=155263, Min=815, Avg=2931.44, 50=2247, 90=4319, 99=17327, 99.9=49215, 99.99=107775] 
2026-08-30 03:15:48:884 1460 sec: 5070513 operations; 4160.58 current ops/sec; est completion in 14 minutes [READ: Count=41623, Max=40159, Min=765, Avg=2394.8, 50=2169, 90=3599, 99=6095, 99.9=12735, 99.99=29231] 
2026-08-30 03:15:58:882 1470 sec: 5110380 operations; 3987.1 current ops/sec; est completion in 13 minutes [READ: Count=39858, Max=58303, Min=787, Avg=2497.53, 50=2133, 90=3627, 99=7627, 99.9=39839, 99.99=54271] 
2026-08-30 03:16:08:883 1480 sec: 5144619 operations; 3423.56 current ops/sec; est completion in 13 minutes [READ: Count=34236, Max=214911, Min=808, Avg=2912.91, 50=2243, 90=4199, 99=16975, 99.9=52991, 99.99=145663] 
2026-08-30 03:16:18:880 1490 sec: 5185703 operations; 4108.81 current ops/sec; est completion in 13 minutes [READ: Count=41088, Max=41631, Min=790, Avg=2423.35, 50=2175, 90=3691, 99=6595, 99.9=13199, 99.99=20831] 
2026-08-30 03:16:28:882 1500 sec: 5225567 operations; 3986 current ops/sec; est completion in 13 minutes [READ: Count=39859, Max=64223, Min=798, Avg=2499.78, 50=2137, 90=3623, 99=7543, 99.9=38815, 99.99=59903] 
2026-08-30 03:16:38:885 1510 sec: 5259556 operations; 3397.54 current ops/sec; est completion in 13 minutes [READ: Count=33991, Max=233983, Min=749, Avg=2933.97, 50=2235, 90=4327, 99=17423, 99.9=50175, 99.99=134911] 
2026-08-30 03:16:48:880 1520 sec: 5301549 operations; 4201.4 current ops/sec; est completion in 12 minutes [READ: Count=41992, Max=42207, Min=824, Avg=2372.01, 50=2139, 90=3585, 99=6179, 99.9=13295, 99.99=32207] 
2026-08-30 03:16:58:882 1530 sec: 5341529 operations; 3997.6 current ops/sec; est completion in 12 minutes [READ: Count=39979, Max=57183, Min=790, Avg=2492.68, 50=2135, 90=3621, 99=7499, 99.9=39167, 99.99=50111] 
2026-08-30 03:17:08:882 1540 sec: 5376144 operations; 3461.5 current ops/sec; est completion in 12 minutes [READ: Count=34615, Max=170367, Min=832, Avg=2880, 50=2243, 90=4151, 99=16375, 99.9=53311, 99.99=104895] 
2026-08-30 03:17:18:883 1550 sec: 5418323 operations; 4218.32 current ops/sec; est completion in 12 minutes [READ: Count=42188, Max=83583, Min=802, Avg=2362.65, 50=2125, 90=3565, 99=6159, 99.9=13599, 99.99=39295] 
2026-08-30 03:17:28:884 1560 sec: 5458007 operations; 3968 current ops/sec; est completion in 12 minutes [READ: Count=39685, Max=69503, Min=827, Avg=2510.81, 50=2137, 90=3649, 99=7803, 99.9=43199, 99.99=54815] 
2026-08-30 03:17:38:882 1570 sec: 5492356 operations; 3434.9 current ops/sec; est completion in 11 minutes [READ: Count=34339, Max=188799, Min=823, Avg=2901.6, 50=2235, 90=4195, 99=17551, 99.9=47231, 99.99=116415] 
2026-08-30 03:17:48:882 1580 sec: 5534692 operations; 4233.18 current ops/sec; est completion in 11 minutes [READ: Count=42341, Max=45759, Min=774, Avg=2353.62, 50=2119, 90=3557, 99=6131, 99.9=13719, 99.99=25695] 
2026-08-30 03:17:58:880 1590 sec: 5574586 operations; 3990.2 current ops/sec; est completion in 11 minutes [READ: Count=39898, Max=64831, Min=797, Avg=2497.48, 50=2131, 90=3643, 99=7591, 99.9=40191, 99.99=60255] 
2026-08-30 03:18:08:880 1600 sec: 5608281 operations; 3369.5 current ops/sec; est completion in 11 minutes [READ: Count=33701, Max=231295, Min=838, Avg=2958.81, 50=2251, 90=4267, 99=18863, 99.9=54111, 99.99=129535] 
2026-08-30 03:18:18:880 1610 sec: 5649317 operations; 4103.6 current ops/sec; est completion in 11 minutes [READ: Count=41021, Max=42271, Min=808, Avg=2427.83, 50=2169, 90=3735, 99=6579, 99.9=10895, 99.99=38431] 
2026-08-30 03:18:28:881 1620 sec: 5689043 operations; 3972.2 current ops/sec; est completion in 10 minutes [READ: Count=39728, Max=64703, Min=833, Avg=2508.22, 50=2135, 90=3637, 99=7715, 99.9=38655, 99.99=57311] 
2026-08-30 03:18:38:882 1630 sec: 5723564 operations; 3452.45 current ops/sec; est completion in 10 minutes [READ: Count=34536, Max=159103, Min=822, Avg=2887.23, 50=2225, 90=4235, 99=16319, 99.9=51647, 99.99=116543] 
2026-08-30 03:18:48:881 1640 sec: 5765313 operations; 4174.48 current ops/sec; est completion in 10 minutes [READ: Count=41741, Max=77631, Min=824, Avg=2386.34, 50=2149, 90=3593, 99=6131, 99.9=16879, 99.99=43135] 
2026-08-30 03:18:58:881 1650 sec: 5805034 operations; 3972.1 current ops/sec; est completion in 10 minutes [READ: Count=39713, Max=68415, Min=806, Avg=2508.63, 50=2127, 90=3623, 99=8055, 99.9=40223, 99.99=66175] 
2026-08-30 03:19:08:881 1660 sec: 5839366 operations; 3433.54 current ops/sec; est completion in 10 minutes [READ: Count=34332, Max=347391, Min=791, Avg=2902.61, 50=2211, 90=4219, 99=16607, 99.9=52991, 99.99=140415] 
2026-08-30 03:19:18:883 1670 sec: 5881137 operations; 4177.1 current ops/sec; est completion in 10 minutes [READ: Count=41788, Max=47391, Min=814, Avg=2385.01, 50=2133, 90=3635, 99=6295, 99.9=12223, 99.99=41727] 
2026-08-30 03:19:28:882 1680 sec: 5920681 operations; 3954 current ops/sec; est completion in 9 minutes [READ: Count=39526, Max=79999, Min=776, Avg=2519.27, 50=2153, 90=3691, 99=7803, 99.9=37215, 99.99=68671] 
2026-08-30 03:19:38:885 1690 sec: 5955020 operations; 3433.9 current ops/sec; est completion in 9 minutes [READ: Count=34340, Max=259583, Min=821, Avg=2903.35, 50=2221, 90=4151, 99=17327, 99.9=61183, 99.99=155007] 
2026-08-30 03:19:48:880 1700 sec: 5997344 operations; 4232.82 current ops/sec; est completion in 9 minutes [READ: Count=42332, Max=31903, Min=814, Avg=2352.01, 50=2113, 90=3561, 99=6175, 99.9=11911, 99.99=24655] 
2026-08-30 03:19:58:880 1710 sec: 6037185 operations; 3984.1 current ops/sec; est completion in 9 minutes [READ: Count=39840, Max=65119, Min=818, Avg=2501.34, 50=2129, 90=3637, 99=7475, 99.9=39903, 99.99=61407] 
2026-08-30 03:20:08:883 1720 sec: 6070687 operations; 3349.53 current ops/sec; est completion in 9 minutes [READ: Count=33497, Max=378879, Min=840, Avg=2975.84, 50=2259, 90=4319, 99=16911, 99.9=58911, 99.99=131967] 
2026-08-30 03:20:18:882 1730 sec: 6111683 operations; 4099.6 current ops/sec; est completion in 8 minutes [READ: Count=40993, Max=65151, Min=842, Avg=2429.95, 50=2171, 90=3713, 99=6587, 99.9=12959, 99.99=23871] 
2026-08-30 03:20:28:880 1740 sec: 6150941 operations; 3926.59 current ops/sec; est completion in 8 minutes [READ: Count=39258, Max=65919, Min=732, Avg=2538.48, 50=2169, 90=3703, 99=7683, 99.9=38591, 99.99=61695] 
2026-08-30 03:20:38:883 1750 sec: 6185000 operations; 3405.9 current ops/sec; est completion in 8 minutes [READ: Count=34059, Max=201855, Min=806, Avg=2926.24, 50=2249, 90=4211, 99=15903, 99.9=56671, 99.99=115903] 
2026-08-30 03:20:48:881 1760 sec: 6226581 operations; 4158.1 current ops/sec; est completion in 8 minutes [READ: Count=41590, Max=50303, Min=822, Avg=2396.06, 50=2159, 90=3607, 99=6323, 99.9=13999, 99.99=23231] 
2026-08-30 03:20:58:880 1770 sec: 6265534 operations; 3895.3 current ops/sec; est completion in 8 minutes [READ: Count=38944, Max=58719, Min=822, Avg=2557.99, 50=2175, 90=3743, 99=7919, 99.9=38431, 99.99=56127] 
2026-08-30 03:21:08:881 1780 sec: 6299944 operations; 3440.66 current ops/sec; est completion in 8 minutes [READ: Count=34410, Max=162047, Min=829, Avg=2895.37, 50=2219, 90=4151, 99=17391, 99.9=57983, 99.99=139007] 
2026-08-30 03:21:18:881 1790 sec: 6341198 operations; 4125.4 current ops/sec; est completion in 7 minutes [READ: Count=41256, Max=58047, Min=811, Avg=2414.29, 50=2169, 90=3655, 99=6271, 99.9=16703, 99.99=31823] 
2026-08-30 03:21:28:880 1800 sec: 6380499 operations; 3930.49 current ops/sec; est completion in 7 minutes [READ: Count=39305, Max=72255, Min=835, Avg=2534.36, 50=2155, 90=3693, 99=7855, 99.9=42335, 99.99=53983] 
2026-08-30 03:21:38:882 1810 sec: 6414341 operations; 3384.2 current ops/sec; est completion in 7 minutes [READ: Count=33838, Max=278527, Min=810, Avg=2945.35, 50=2257, 90=4287, 99=16127, 99.9=54367, 99.99=196223] 
2026-08-30 03:21:48:881 1820 sec: 6455539 operations; 4119.39 current ops/sec; est completion in 7 minutes [READ: Count=41196, Max=33407, Min=803, Avg=2418.94, 50=2181, 90=3677, 99=6191, 99.9=12447, 99.99=24671] 
2026-08-30 03:21:58:880 1830 sec: 6472233 operations; 1669.57 current ops/sec; est completion in 7 minutes [READ: Count=16694, Max=91647, Min=801, Avg=5978.82, 50=2077, 90=6899, 99=71039, 99.9=79935, 99.99=89919] 
2026-08-30 03:22:08:880 1840 sec: 6484761 operations; 1252.8 current ops/sec; est completion in 7 minutes [READ: Count=12528, Max=96639, Min=863, Avg=7968.77, 50=2203, 90=16767, 99=78847, 99.9=88127, 99.99=94335] 
2026-08-30 03:22:18:880 1850 sec: 6498169 operations; 1340.8 current ops/sec; est completion in 7 minutes [READ: Count=13408, Max=192639, Min=833, Avg=7457.64, 50=2028, 90=9095, 99=80959, 99.9=95935, 99.99=188159] 
2026-08-30 03:22:28:880 1860 sec: 6515045 operations; 1687.6 current ops/sec; est completion in 7 minutes [READ: Count=16878, Max=94527, Min=858, Avg=5921.04, 50=2059, 90=5195, 99=73151, 99.9=81343, 99.99=91711] 
2026-08-30 03:22:38:881 1870 sec: 6535493 operations; 2044.8 current ops/sec; est completion in 7 minutes [READ: Count=20458, Max=101759, Min=821, Avg=4882.95, 50=2121, 90=5903, 99=64287, 99.9=79999, 99.99=90751] 
2026-08-30 03:22:48:881 1880 sec: 6554002 operations; 1850.71 current ops/sec; est completion in 6 minutes [READ: Count=18503, Max=87551, Min=829, Avg=5398.4, 50=1980, 90=4843, 99=72063, 99.9=80831, 99.99=85823] 
2026-08-30 03:22:58:880 1890 sec: 6569940 operations; 1593.96 current ops/sec; est completion in 6 minutes [READ: Count=15932, Max=103167, Min=818, Avg=6262.44, 50=2029, 90=6799, 99=75391, 99.9=84031, 99.99=101887] 
2026-08-30 03:23:08:880 1900 sec: 6584050 operations; 1411 current ops/sec; est completion in 6 minutes [READ: Count=14110, Max=113023, Min=816, Avg=7079.46, 50=2185, 90=16975, 99=76287, 99.9=86335, 99.99=96447] 
2026-08-30 03:23:18:881 1910 sec: 6602005 operations; 1795.32 current ops/sec; est completion in 6 minutes [READ: Count=17955, Max=119039, Min=865, Avg=5567.3, 50=2095, 90=5727, 99=75071, 99.9=90687, 99.99=116607] 
2026-08-30 03:23:28:881 1920 sec: 6621457 operations; 1945.2 current ops/sec; est completion in 6 minutes [READ: Count=19456, Max=85951, Min=827, Avg=5133.43, 50=2032, 90=4439, 99=70975, 99.9=79231, 99.99=84671] 
2026-08-30 03:23:38:880 1930 sec: 6637855 operations; 1639.96 current ops/sec; est completion in 6 minutes [READ: Count=16394, Max=111615, Min=829, Avg=6085.99, 50=2077, 90=7167, 99=75903, 99.9=88447, 99.99=98431] 
2026-08-30 03:23:48:880 1940 sec: 6653217 operations; 1536.2 current ops/sec; est completion in 6 minutes [READ: Count=15362, Max=168191, Min=820, Avg=6506.07, 50=2020, 90=6799, 99=80191, 99.9=91711, 99.99=151679] 
2026-08-30 03:23:58:880 1950 sec: 6671606 operations; 1838.9 current ops/sec; est completion in 6 minutes [READ: Count=18390, Max=92607, Min=820, Avg=5429.11, 50=2117, 90=4967, 99=72767, 99.9=81727, 99.99=90175] 
2026-08-30 03:24:08:880 1960 sec: 6685510 operations; 1390.4 current ops/sec; est completion in 6 minutes [READ: Count=13903, Max=179711, Min=825, Avg=7188.04, 50=2177, 90=9183, 99=77055, 99.9=89855, 99.99=173183] 
2026-08-30 03:24:18:880 1970 sec: 6700439 operations; 1492.9 current ops/sec; est completion in 6 minutes [READ: Count=14929, Max=90047, Min=828, Avg=6692.81, 50=2097, 90=6675, 99=76735, 99.9=83711, 99.99=87295] 
2026-08-30 03:24:28:882 1980 sec: 6715849 operations; 1540.69 current ops/sec; est completion in 6 minutes [READ: Count=15415, Max=101823, Min=811, Avg=6483.55, 50=2087, 90=6759, 99=74687, 99.9=81663, 99.99=89407] 
2026-08-30 03:24:38:880 1990 sec: 6731130 operations; 1528.41 current ops/sec; est completion in 6 minutes [READ: Count=15276, Max=93247, Min=824, Avg=6529.02, 50=2167, 90=10111, 99=75199, 99.9=85183, 99.99=92223] 
2026-08-30 03:24:48:880 2000 sec: 6747271 operations; 1614.1 current ops/sec; est completion in 6 minutes [READ: Count=16141, Max=189055, Min=816, Avg=6196.75, 50=1980, 90=7247, 99=78719, 99.9=94079, 99.99=183167] 
2026-08-30 03:24:58:880 2010 sec: 6765620 operations; 1834.9 current ops/sec; est completion in 6 minutes [READ: Count=18352, Max=90623, Min=816, Avg=5443.1, 50=2035, 90=4727, 99=73215, 99.9=81599, 99.99=86143] 
2026-08-30 03:25:08:880 2020 sec: 6782810 operations; 1719 current ops/sec; est completion in 6 minutes [READ: Count=17189, Max=104703, Min=828, Avg=5809.84, 50=2127, 90=6235, 99=73023, 99.9=83391, 99.99=100287] 
2026-08-30 03:25:18:882 2030 sec: 6804364 operations; 2155.4 current ops/sec; est completion in 5 minutes [READ: Count=21560, Max=95871, Min=832, Avg=4635.33, 50=1961, 90=4271, 99=70079, 99.9=80319, 99.99=87743] 
2026-08-30 03:25:28:880 2040 sec: 6822923 operations; 1855.9 current ops/sec; est completion in 5 minutes [READ: Count=18551, Max=85823, Min=781, Avg=5377.2, 50=2071, 90=5227, 99=72447, 99.9=79679, 99.99=85247] 
2026-08-30 03:25:38:880 2050 sec: 6836526 operations; 1360.3 current ops/sec; est completion in 5 minutes [READ: Count=13603, Max=106879, Min=835, Avg=7343.16, 50=2259, 90=9543, 99=76351, 99.9=90303, 99.99=105087] 
2026-08-30 03:25:48:882 2060 sec: 6855434 operations; 1890.61 current ops/sec; est completion in 5 minutes [READ: Count=18910, Max=89983, Min=849, Avg=5287.4, 50=2079, 90=5531, 99=71551, 99.9=81279, 99.99=88639] 
2026-08-30 03:25:58:880 2070 sec: 6873957 operations; 1852.49 current ops/sec; est completion in 5 minutes [READ: Count=18521, Max=89215, Min=852, Avg=5390.26, 50=2109, 90=4819, 99=71231, 99.9=79423, 99.99=88639] 
2026-08-30 03:26:08:880 2080 sec: 6891445 operations; 1748.8 current ops/sec; est completion in 5 minutes [READ: Count=17488, Max=94399, Min=838, Avg=5709.05, 50=2087, 90=6383, 99=72127, 99.9=80319, 99.99=87935] 
2026-08-30 03:26:18:880 2090 sec: 6913118 operations; 2167.3 current ops/sec; est completion in 5 minutes [READ: Count=21674, Max=85439, Min=853, Avg=4609.11, 50=2013, 90=4471, 99=67199, 99.9=78719, 99.99=81791] 
2026-08-30 03:26:28:881 2100 sec: 6932978 operations; 1985.8 current ops/sec; est completion in 5 minutes [READ: Count=19859, Max=87295, Min=804, Avg=5029.12, 50=2047, 90=4655, 99=68991, 99.9=78143, 99.99=84543] 
2026-08-30 03:26:38:880 2110 sec: 6949717 operations; 1674.07 current ops/sec; est completion in 5 minutes [READ: Count=16739, Max=108479, Min=826, Avg=5957.34, 50=2077, 90=8439, 99=73343, 99.9=84479, 99.99=98111] 
2026-08-30 03:26:48:880 2120 sec: 6964116 operations; 1439.9 current ops/sec; est completion in 5 minutes [READ: Count=14400, Max=160767, Min=847, Avg=6944.47, 50=2028, 90=12583, 99=76735, 99.9=91391, 99.99=122559] 
2026-08-30 03:26:58:880 2130 sec: 6980164 operations; 1604.8 current ops/sec; est completion in 5 minutes [READ: Count=16047, Max=113471, Min=818, Avg=6223.5, 50=2085, 90=6611, 99=73983, 99.9=81983, 99.99=86783] 
2026-08-30 03:27:08:883 2140 sec: 6993744 operations; 1358 current ops/sec; est completion in 5 minutes [READ: Count=13581, Max=112703, Min=856, Avg=7363.32, 50=2241, 90=13711, 99=76031, 99.9=83647, 99.99=107071] 
2026-08-30 03:27:18:880 2150 sec: 7012930 operations; 1918.6 current ops/sec; est completion in 5 minutes [READ: Count=19186, Max=89535, Min=831, Avg=5204.31, 50=2069, 90=4963, 99=72255, 99.9=81727, 99.99=89087] 
2026-08-30 03:27:28:880 2160 sec: 7031858 operations; 1892.8 current ops/sec; est completion in 4 minutes [READ: Count=18927, Max=93631, Min=850, Avg=5274.9, 50=2081, 90=4819, 99=71167, 99.9=80383, 99.99=86975] 
2026-08-30 03:27:38:881 2170 sec: 7051783 operations; 1992.3 current ops/sec; est completion in 4 minutes [READ: Count=19938, Max=101951, Min=803, Avg=5011.44, 50=2207, 90=5467, 99=72447, 99.9=82687, 99.99=93887] 
2026-08-30 03:27:48:881 2180 sec: 7092974 operations; 4119.1 current ops/sec; est completion in 4 minutes [READ: Count=41181, Max=30911, Min=851, Avg=2419.03, 50=2177, 90=3641, 99=6339, 99.9=16319, 99.99=24511] 
2026-08-30 03:27:58:886 2190 sec: 7132404 operations; 3941.03 current ops/sec; est completion in 4 minutes [READ: Count=39427, Max=60351, Min=853, Avg=2528.76, 50=2155, 90=3669, 99=7891, 99.9=44703, 99.99=55615] 
2026-08-30 03:28:08:882 2200 sec: 7166343 operations; 3395.6 current ops/sec; est completion in 4 minutes [READ: Count=33941, Max=204671, Min=855, Avg=2933.05, 50=2285, 90=4255, 99=15895, 99.9=52511, 99.99=163199] 
2026-08-30 03:28:18:881 2210 sec: 7207608 operations; 4126.91 current ops/sec; est completion in 4 minutes [READ: Count=41266, Max=44895, Min=836, Avg=2415.36, 50=2165, 90=3653, 99=6539, 99.9=15167, 99.99=36511] 
2026-08-30 03:28:28:881 2220 sec: 7246919 operations; 3931.1 current ops/sec; est completion in 3 minutes [READ: Count=39310, Max=66495, Min=809, Avg=2534.9, 50=2173, 90=3683, 99=7471, 99.9=40735, 99.99=60671] 
2026-08-30 03:28:38:882 2230 sec: 7280880 operations; 3396.1 current ops/sec; est completion in 3 minutes [READ: Count=33964, Max=207103, Min=844, Avg=2934.3, 50=2237, 90=4159, 99=17727, 99.9=66047, 99.99=198655] 
2026-08-30 03:28:48:882 2240 sec: 7322991 operations; 4210.26 current ops/sec; est completion in 3 minutes [READ: Count=42108, Max=56767, Min=850, Avg=2366.38, 50=2139, 90=3543, 99=6175, 99.9=13447, 99.99=42079] 
2026-08-30 03:28:58:885 2250 sec: 7362733 operations; 3974.99 current ops/sec; est completion in 3 minutes [READ: Count=39748, Max=66815, Min=797, Avg=2506.7, 50=2149, 90=3647, 99=7651, 99.9=40767, 99.99=60415] 
2026-08-30 03:29:08:881 2260 sec: 7397345 operations; 3461.2 current ops/sec; est completion in 3 minutes [READ: Count=34609, Max=270335, Min=812, Avg=2878.58, 50=2225, 90=4115, 99=16343, 99.9=59135, 99.99=147711] 
2026-08-30 03:29:18:886 2270 sec: 7439290 operations; 4194.5 current ops/sec; est completion in 2 minutes [READ: Count=41945, Max=29199, Min=822, Avg=2377.49, 50=2145, 90=3593, 99=6323, 99.9=12471, 99.99=25071] 
2026-08-30 03:29:28:880 2280 sec: 7478707 operations; 3941.7 current ops/sec; est completion in 2 minutes [READ: Count=39423, Max=150399, Min=855, Avg=2526.86, 50=2157, 90=3621, 99=7643, 99.9=43135, 99.99=59231] 
2026-08-30 03:29:38:883 2290 sec: 7512800 operations; 3409.3 current ops/sec; est completion in 2 minutes [READ: Count=34090, Max=121727, Min=839, Avg=2916.87, 50=2261, 90=4331, 99=16415, 99.9=48703, 99.99=109055] 
2026-08-30 03:29:48:880 2300 sec: 7554894 operations; 4209.4 current ops/sec; est completion in 2 minutes [READ: Count=42086, Max=58943, Min=834, Avg=2366.73, 50=2139, 90=3577, 99=6167, 99.9=10527, 99.99=25743] 
2026-08-30 03:29:58:883 2310 sec: 7594610 operations; 3971.2 current ops/sec; est completion in 2 minutes [READ: Count=39716, Max=55455, Min=787, Avg=2510.09, 50=2147, 90=3661, 99=7787, 99.9=38399, 99.99=55263] 
2026-08-30 03:30:08:883 2320 sec: 7628306 operations; 3368.93 current ops/sec; est completion in 1 minute [READ: Count=33706, Max=225151, Min=787, Avg=2957.7, 50=2271, 90=4295, 99=17615, 99.9=54655, 99.99=129215] 
2026-08-30 03:30:18:884 2330 sec: 7669218 operations; 4092.02 current ops/sec; est completion in 1 minute [READ: Count=40902, Max=38175, Min=821, Avg=2435.78, 50=2193, 90=3691, 99=6439, 99.9=11607, 99.99=27679] 
2026-08-30 03:30:28:885 2340 sec: 7708698 operations; 3948 current ops/sec; est completion in 1 minute [READ: Count=39501, Max=54207, Min=803, Avg=2523.23, 50=2159, 90=3675, 99=7735, 99.9=40511, 99.99=50751] 
2026-08-30 03:30:38:880 2350 sec: 7742539 operations; 3384.44 current ops/sec; est completion in 1 minute [READ: Count=33827, Max=196607, Min=816, Avg=2945.73, 50=2285, 90=4279, 99=15799, 99.9=55359, 99.99=187775] 
2026-08-30 03:30:48:881 2360 sec: 7784340 operations; 4179.68 current ops/sec; est completion in 1 minute [READ: Count=41801, Max=53087, Min=814, Avg=2384.12, 50=2163, 90=3579, 99=6039, 99.9=11439, 99.99=20607] 
2026-08-30 03:30:58:880 2370 sec: 7823576 operations; 3923.99 current ops/sec; est completion in 54 seconds [READ: Count=39229, Max=59615, Min=833, Avg=2540.12, 50=2177, 90=3669, 99=7835, 99.9=38687, 99.99=53823] 
2026-08-30 03:31:08:881 2380 sec: 7857327 operations; 3374.76 current ops/sec; est completion in 44 seconds [READ: Count=33754, Max=138751, Min=813, Avg=2952.73, 50=2287, 90=4335, 99=17167, 99.9=55743, 99.99=115199] 
2026-08-30 03:31:18:881 2390 sec: 7898915 operations; 4159.22 current ops/sec; est completion in 31 seconds [READ: Count=41586, Max=36287, Min=825, Avg=2396.74, 50=2169, 90=3595, 99=6199, 99.9=14567, 99.99=26623] 
2026-08-30 03:31:28:881 2400 sec: 7938539 operations; 3962 current ops/sec; est completion in 19 seconds [READ: Count=39632, Max=56767, Min=803, Avg=2514.11, 50=2153, 90=3631, 99=7695, 99.9=38367, 99.99=53951] 
2026-08-30 03:31:38:881 2410 sec: 7972372 operations; 3383.3 current ops/sec; est completion in 9 second [READ: Count=33825, Max=236287, Min=808, Avg=2945.09, 50=2277, 90=4331, 99=16375, 99.9=52351, 99.99=183039] 
2026-08-30 03:31:48:478 2419 sec: 8000000 operations; 2878.82 current ops/sec; [READ: Count=27627, Max=44095, Min=787, Avg=1874.05, 50=1687, 90=2883, 99=4975, 99.9=10119, 99.99=31183] [CLEANUP: Count=10, Max=10351, Min=1, Avg=1037, 50=2, 90=8, 99=10351, 99.9=10351, 99.99=10351] 
[OVERALL], RunTime(ms), 2419598
[OVERALL], Throughput(ops/sec), 3306.3343580214564
[TOTAL_GCS_Copy], Count, 6926
[TOTAL_GC_TIME_Copy], Time(ms), 6655
[TOTAL_GC_TIME_%_Copy], Time(%), 0.2750456894079099
[TOTAL_GCS_MarkSweepCompact], Count, 0
[TOTAL_GC_TIME_MarkSweepCompact], Time(ms), 0
[TOTAL_GC_TIME_%_MarkSweepCompact], Time(%), 0.0
[TOTAL_GCs], Count, 6926
[TOTAL_GC_TIME], Time(ms), 6655
[TOTAL_GC_TIME_%], Time(%), 0.2750456894079099
[READ], Operations, 8000000
[READ], AverageLatency(us), 3008.250832625
[READ], MinLatency(us), 728
[READ], MaxLatency(us), 7028735
[READ], 50thPercentileLatency(us), 2193
[READ], 95thPercentileLatency(us), 5103
[READ], 99thPercentileLatency(us), 25023
[READ], Return=OK, 8000000
[CLEANUP], Operations, 10
[CLEANUP], AverageLatency(us), 1037.0
[CLEANUP], MinLatency(us), 1
[CLEANUP], MaxLatency(us), 10351
[CLEANUP], 50thPercentileLatency(us), 2
[CLEANUP], 95thPercentileLatency(us), 10351
[CLEANUP], 99thPercentileLatency(us), 10351
