2026-08-30T02:22:03.909074602Z 2026-08-30T02:22:03Z	INFO	setup	starting manager
2026-08-30T02:22:03.909544225Z 2026-08-30T02:22:03Z	INFO	controller-runtime.metrics	Starting metrics server
2026-08-30T02:22:03.909558845Z 2026-08-30T02:22:03Z	INFO	starting server	{"name": "health probe", "addr": "[::]:8081"}
2026-08-30T02:22:03.909562845Z 2026-08-30T02:22:03Z	INFO	setup	disabling http/2
2026-08-30T02:22:03.909767386Z I0830 02:22:03.909646       1 leaderelection.go:257] attempting to acquire leader lease mongodboperator-system/10bfefa9.mongodb.io...
2026-08-30T02:22:03.926586769Z I0830 02:22:03.926339       1 leaderelection.go:271] successfully acquired lease mongodboperator-system/10bfefa9.mongodb.io
2026-08-30T02:22:03.927279614Z 2026-08-30T02:22:03Z	DEBUG	events	mongodboperator-controller-manager-74585f856b-4km5c_c9fbd177-9890-40d5-9ba0-73b070c6073f became leader	{"type": "Normal", "object": {"kind":"Lease","namespace":"mongodboperator-system","name":"10bfefa9.mongodb.io","uid":"31471f39-507b-46f8-bf3c-52a6a4f888c0","apiVersion":"coordination.k8s.io/v1","resourceVersion":"10570597"}, "reason": "LeaderElection"}
2026-08-30T02:22:03.927337814Z 2026-08-30T02:22:03Z	INFO	Starting EventSource	{"controller": "mongosautoscaler", "controllerGroup": "autoscaler.mongodb.io", "controllerKind": "MongosAutoscaler", "source": "kind source: *v1alpha1.MongosAutoscaler"}
2026-08-30T02:22:03.927342974Z 2026-08-30T02:22:03Z	INFO	Starting EventSource	{"controller": "mongodautoscaler", "controllerGroup": "autoscaler.mongodb.io", "controllerKind": "MongodAutoscaler", "source": "kind source: *v1.Job"}
2026-08-30T02:22:03.927346344Z 2026-08-30T02:22:03Z	INFO	Starting EventSource	{"controller": "mongodautoscaler", "controllerGroup": "autoscaler.mongodb.io", "controllerKind": "MongodAutoscaler", "source": "kind source: *v1alpha1.MongodAutoscaler"}
2026-08-30T02:22:03.927349664Z 2026-08-30T02:22:03Z	INFO	Starting EventSource	{"controller": "mongodautoscaler", "controllerGroup": "autoscaler.mongodb.io", "controllerKind": "MongodAutoscaler", "source": "kind source: *v1.StatefulSet"}
2026-08-30T02:22:04.105611287Z 2026-08-30T02:22:04Z	INFO	Starting Controller	{"controller": "mongosautoscaler", "controllerGroup": "autoscaler.mongodb.io", "controllerKind": "MongosAutoscaler"}
2026-08-30T02:22:04.105635067Z 2026-08-30T02:22:04Z	INFO	Starting Controller	{"controller": "mongodautoscaler", "controllerGroup": "autoscaler.mongodb.io", "controllerKind": "MongodAutoscaler"}
2026-08-30T02:22:04.105639337Z 2026-08-30T02:22:04Z	INFO	Starting workers	{"controller": "mongosautoscaler", "controllerGroup": "autoscaler.mongodb.io", "controllerKind": "MongosAutoscaler", "worker count": 1}
2026-08-30T02:22:04.105643107Z 2026-08-30T02:22:04Z	INFO	Starting workers	{"controller": "mongodautoscaler", "controllerGroup": "autoscaler.mongodb.io", "controllerKind": "MongodAutoscaler", "worker count": 1}
2026-08-30T02:22:06.934287147Z 2026-08-30T02:22:06Z	INFO	controller-runtime.metrics	Serving metrics server	{"bindAddress": ":8443", "secure": true}
2026-08-30T02:50:13.988439698Z 2026-08-30T02:50:13Z	INFO	No datanode scaling action	{"controller": "mongodautoscaler", "controllerGroup": "autoscaler.mongodb.io", "controllerKind": "MongodAutoscaler", "MongodAutoscaler": {"name":"mongodautoscaler-sample","namespace":"mambo-mongod-cpu"}, "namespace": "mambo-mongod-cpu", "name": "mongodautoscaler-sample", "reconcileID": "6e855658-4140-466b-8f0c-3c66f0775993", "cpu": 13.115344741333162, "iowait": 1.0334516912723706, "writeRatio": 0, "shards": 1, "replicas": 1}
2026-08-30T02:50:59.019643880Z 2026-08-30T02:50:59Z	INFO	No datanode scaling action	{"controller": "mongodautoscaler", "controllerGroup": "autoscaler.mongodb.io", "controllerKind": "MongodAutoscaler", "MongodAutoscaler": {"name":"mongodautoscaler-sample","namespace":"mambo-mongod-cpu"}, "namespace": "mambo-mongod-cpu", "name": "mongodautoscaler-sample", "reconcileID": "41b793cd-2e9a-4f6a-81ec-63093f1f8320", "cpu": 12.29294670414466, "iowait": 1.0354075749222575, "writeRatio": 0, "shards": 1, "replicas": 1}
2026-08-30T02:51:44.058150748Z 2026-08-30T02:51:44Z	INFO	No datanode scaling action	{"controller": "mongodautoscaler", "controllerGroup": "autoscaler.mongodb.io", "controllerKind": "MongodAutoscaler", "MongodAutoscaler": {"name":"mongodautoscaler-sample","namespace":"mambo-mongod-cpu"}, "namespace": "mambo-mongod-cpu", "name": "mongodautoscaler-sample", "reconcileID": "be80d438-fd29-42af-abd4-6831429c84c7", "cpu": 13.754967586898701, "iowait": 1.0569994672947316, "writeRatio": 0, "shards": 1, "replicas": 1}
2026-08-30T02:52:29.108071293Z 2026-08-30T02:52:29Z	INFO	No datanode scaling action	{"controller": "mongodautoscaler", "controllerGroup": "autoscaler.mongodb.io", "controllerKind": "MongodAutoscaler", "MongodAutoscaler": {"name":"mongodautoscaler-sample","namespace":"mambo-mongod-cpu"}, "namespace": "mambo-mongod-cpu", "name": "mongodautoscaler-sample", "reconcileID": "937ddf8c-2948-45a8-a742-b11b2e1bc6a8", "cpu": 32.13649417106777, "iowait": 2.3947879800609426, "writeRatio": 0, "shards": 1, "replicas": 1}
2026-08-30T02:53:14.146608142Z 2026-08-30T02:53:14Z	INFO	No datanode scaling action	{"controller": "mongodautoscaler", "controllerGroup": "autoscaler.mongodb.io", "controllerKind": "MongodAutoscaler", "MongodAutoscaler": {"name":"mongodautoscaler-sample","namespace":"mambo-mongod-cpu"}, "namespace": "mambo-mongod-cpu", "name": "mongodautoscaler-sample", "reconcileID": "b124e247-934c-4779-bc48-49cc4605bee6", "cpu": 62.1598773802874, "iowait": 4.80477634571959, "writeRatio": 0, "shards": 1, "replicas": 1}
2026-08-30T02:53:59.196256110Z 2026-08-30T02:53:59Z	INFO	Scaling up shards	{"controller": "mongodautoscaler", "controllerGroup": "autoscaler.mongodb.io", "controllerKind": "MongodAutoscaler", "MongodAutoscaler": {"name":"mongodautoscaler-sample","namespace":"mambo-mongod-cpu"}, "namespace": "mambo-mongod-cpu", "name": "mongodautoscaler-sample", "reconcileID": "3901d7a1-fae0-471d-ad24-e7399c4a1216", "cpu": 94.02089989013506, "iowait": 5.88728183350196, "writeRatio": 0, "oldShards": 1, "newShards": 2}
2026-08-30T02:53:59.207601478Z 2026-08-30T02:53:59Z	INFO	Creating StatefulSet	{"controller": "mongodautoscaler", "controllerGroup": "autoscaler.mongodb.io", "controllerKind": "MongodAutoscaler", "MongodAutoscaler": {"name":"mongodautoscaler-sample","namespace":"mambo-mongod-cpu"}, "namespace": "mambo-mongod-cpu", "name": "mongodautoscaler-sample", "reconcileID": "ce63f6fd-ac24-489a-a8b6-4396296dcadb", "statefulset": "&StatefulSet{ObjectMeta:{my-mongodb-sharded-shard1-data  mambo-mongod-cpu    0 0001-01-01 00:00:00 +0000 UTC <nil> <nil> map[app.kubernetes.io/component:shardsvr app.kubernetes.io/instance:my-mongodb-sharded app.kubernetes.io/managed-by:Helm app.kubernetes.io/name:mongodb-sharded app.kubernetes.io/version:8.0.13 helm.sh/chart:mongodb-sharded-9.4.12] map[] [] [] []},Spec:StatefulSetSpec{Replicas:*1,Selector:&v1.LabelSelector{MatchLabels:map[string]string{app.kubernetes.io/component: shardsvr,app.kubernetes.io/instance: my-mongodb-sharded,app.kubernetes.io/name: mongodb-sharded,},MatchExpressions:[]LabelSelectorRequirement{},},Template:{{      0 0001-01-01 00:00:00 +0000 UTC <nil> <nil> map[app.kubernetes.io/component:shardsvr app.kubernetes.io/instance:my-mongodb-sharded app.kubernetes.io/managed-by:Helm app.kubernetes.io/name:mongodb-sharded app.kubernetes.io/version:8.0.13 helm.sh/chart:mongodb-sharded-9.4.12 shard:1] map[] [] [] []} {[{empty-dir {nil EmptyDirVolumeSource{Medium:,SizeLimit:<nil>,} nil nil nil nil nil nil nil nil nil nil nil nil nil nil nil nil nil nil nil nil nil nil nil nil nil nil nil nil}} {replicaset-entrypoint-configmap {nil nil nil nil nil nil nil nil nil nil nil nil nil nil nil nil nil nil &ConfigMapVolumeSource{LocalObjectReference:LocalObjectReference{Name:my-mongodb-sharded-replicaset-entrypoint,},Items:[]KeyToPath{},DefaultMode:*420,Optional:nil,} nil nil nil nil nil nil nil nil nil nil nil}} {secrets {nil nil nil nil nil &SecretVolumeSource{SecretName:my-mongodb-sharded,Items:[]KeyToPath{},DefaultMode:*420,Optional:nil,} nil nil nil nil nil nil nil nil nil nil nil nil nil nil nil nil nil nil nil nil nil nil nil nil}}] [] [{mongodb docker.io/bitnamilegacy/mongodb-sharded:8.0.13-debian-12-r0 [/bin/bash /entrypoint/replicaset-entrypoint.sh] []  [{mongodb 0 27017 TCP }] [] [{MONGODB_ENABLE_NUMACTL no nil} {BITNAMI_DEBUG false nil} {MONGODB_SYSTEM_LOG_VERBOSITY 0 nil} {MONGODB_INIT_RETRY_ATTEMPTS 24 nil} {MONGODB_INIT_RETRY_DELAY 5 nil} {MONGODB_DISABLE_SYSTEM_LOG no nil} {MONGODB_PORT_NUMBER 27017 nil} {MONGODB_SHARDING_MODE shardsvr nil} {MONGODB_POD_NAME  &EnvVarSource{FieldRef:&ObjectFieldSelector{APIVersion:v1,FieldPath:metadata.name,},ResourceFieldRef:nil,ConfigMapKeyRef:nil,SecretKeyRef:nil,FileKeyRef:nil,}} {MONGODB_MONGOS_HOST my-mongodb-sharded nil} {MONGODB_MONGOS_PORT_NUMBER 27017 nil} {MONGODB_INITIAL_PRIMARY_HOST my-mongodb-sharded-shard1-data-0.my-mongodb-sharded-headless.mambo-mongod-cpu.svc.cluster.local nil} {MONGODB_REPLICA_SET_NAME my-mongodb-sharded-shard-1 nil} {MONGODB_ADVERTISED_HOSTNAME $(MONGODB_POD_NAME).my-mongodb-sharded-headless.mambo-mongod-cpu.svc.cluster.local nil} {MONGODB_ROOT_USER root nil} {MONGODB_ROOT_PASSWORD_FILE /bitnami/mongodb/secrets/mongodb-root-password nil} {MONGODB_REPLICA_SET_KEY_FILE /bitnami/mongodb/secrets/mongodb-replica-set-key nil} {MONGODB_ENABLE_IPV6 no nil} {MONGODB_ENABLE_DIRECTORY_PER_DB no nil} {MONGODB_EXTRA_FLAGS --wiredTigerCacheSizeGB=0.25 nil}] {map[cpu:{{1 0} {<nil>} 1 DecimalSI} memory:{{1073741824 0} {<nil>} 1Gi BinarySI}] map[cpu:{{500 -3} {<nil>} 500m DecimalSI} memory:{{536870912 0} {<nil>}  BinarySI}] []} [] <nil> [] [{empty-dir false <nil> /tmp tmp-dir <nil> } {empty-dir false <nil> /opt/bitnami/mongodb/conf app-conf-dir <nil> } {empty-dir false <nil> /opt/bitnami/mongodb/tmp app-tmp-dir <nil> } {empty-dir false <nil> /opt/bitnami/mongodb/logs app-logs-dir <nil> } {empty-dir false <nil> /.mongodb app-mongosh-dir <nil> } {replicaset-entrypoint-configmap false <nil> /entrypoint  <nil> } {datadir false <nil> /bitnami/mongodb  <nil> } {secrets false <nil> /bitnami/mongodb/secrets/  <nil> }] [] &Probe{ProbeHandler:ProbeHandler{Exec:&ExecAction{Command:[pgrep mongod],},HTTPGet:nil,TCPSocket:nil,GRPC:nil,},InitialDelaySeconds:60,TimeoutSeconds:20,PeriodSeconds:30,SuccessThreshold:1,FailureThreshold:2,TerminationGracePeriodSeconds:nil,} &Probe{ProbeHandler:ProbeHandler{Exec:&ExecAction{Command:[/bin/sh -c mongosh --port $MONGODB_PORT_NUMBER --eval \"db.adminCommand('ping')\"],},HTTPGet:nil,TCPSocket:nil,GRPC:nil,},InitialDelaySeconds:10,TimeoutSeconds:20,PeriodSeconds:30,SuccessThreshold:1,FailureThreshold:6,TerminationGracePeriodSeconds:nil,} nil nil /dev/termination-log File IfNotPresent &SecurityContext{Capabilities:&Capabilities{Add:[],Drop:[ALL],},Privileged:*false,SELinuxOptions:&SELinuxOptions{User:,Role:,Type:,Level:,},RunAsUser:*1001,RunAsNonRoot:*true,ReadOnlyRootFilesystem:*true,AllowPrivilegeEscalation:*false,RunAsGroup:*1001,ProcMount:nil,WindowsOptions:nil,SeccompProfile:&SeccompProfile{Type:RuntimeDefault,LocalhostProfile:nil,},AppArmorProfile:nil,} false false false}] [] Always 0xc000d09a38 <nil> ClusterFirst map[] my-mongodb-sharded-shardsvr my-mongodb-sharded-shardsvr 0xc000d09a40  false false false <nil> &PodSecurityContext{SELinuxOptions:nil,RunAsUser:nil,RunAsNonRoot:nil,SupplementalGroups:[],FSGroup:*1001,RunAsGroup:nil,Sysctls:[]Sysctl{},WindowsOptions:nil,FSGroupChangePolicy:*Always,SeccompProfile:nil,AppArmorProfile:nil,SupplementalGroupsPolicy:nil,SELinuxChangePolicy:nil,} []   &Affinity{NodeAffinity:&NodeAffinity{RequiredDuringSchedulingIgnoredDuringExecution:&NodeSelector{NodeSelectorTerms:[]NodeSelectorTerm{NodeSelectorTerm{MatchExpressions:[]NodeSelectorRequirement{NodeSelectorRequirement{Key:kubernetes.io/hostname,Operator:In,Values:[i-00ecc4734204a6c6e i-0f4a2ec2693d23bd5 i-091443c764376d8ba i-0c4d45abf9869abf0],},},MatchFields:[]NodeSelectorRequirement{},},},},PreferredDuringSchedulingIgnoredDuringExecution:[]PreferredSchedulingTerm{},},PodAffinity:nil,PodAntiAffinity:&PodAntiAffinity{RequiredDuringSchedulingIgnoredDuringExecution:[]PodAffinityTerm{PodAffinityTerm{LabelSelector:&v1.LabelSelector{MatchLabels:map[string]string{},MatchExpressions:[]LabelSelectorRequirement{LabelSelectorRequirement{Key:app.kubernetes.io/component,Operator:In,Values:[shardsvr],},},},Namespaces:[],TopologyKey:kubernetes.io/hostname,NamespaceSelector:nil,MatchLabelKeys:[],MismatchLabelKeys:[],},},PreferredDuringSchedulingIgnoredDuringExecution:[]WeightedPodAffinityTerm{},},} default-scheduler [] []  <nil> nil [] <nil> <nil> <nil> map[] [] <nil> nil <nil> [] [] nil <nil>}},VolumeClaimTemplates:[]PersistentVolumeClaim{{{ } {datadir      0 0001-01-01 00:00:00 +0000 UTC <nil> <nil> map[] map[] [] [] []} {[ReadWriteOnce] nil {map[] map[storage:{{17179869184 0} {<nil>}  BinarySI}]}  0xc00084e810 0xc00084e820 nil nil <nil>} {Pending [] map[] [] map[] map[] <nil> nil}},},ServiceName:my-mongodb-sharded-headless,PodManagementPolicy:OrderedReady,UpdateStrategy:StatefulSetUpdateStrategy{Type:RollingUpdate,RollingUpdate:nil,},RevisionHistoryLimit:*10,MinReadySeconds:0,PersistentVolumeClaimRetentionPolicy:&StatefulSetPersistentVolumeClaimRetentionPolicy{WhenDeleted:Retain,WhenScaled:Retain,},Ordinals:nil,},Status:StatefulSetStatus{ObservedGeneration:1,Replicas:1,ReadyReplicas:1,CurrentReplicas:1,UpdatedReplicas:1,CurrentRevision:my-mongodb-sharded-shard0-data-595c577595,UpdateRevision:my-mongodb-sharded-shard0-data-595c577595,CollisionCount:*0,Conditions:[]StatefulSetCondition{},AvailableReplicas:1,},}"}
2026-08-30T02:53:59.232242268Z 2026-08-30T02:53:59Z	INFO	Shard StatefulSet not ready yet; postponing addShard	{"controller": "mongodautoscaler", "controllerGroup": "autoscaler.mongodb.io", "controllerKind": "MongodAutoscaler", "MongodAutoscaler": {"name":"mongodautoscaler-sample","namespace":"mambo-mongod-cpu"}, "namespace": "mambo-mongod-cpu", "name": "mongodautoscaler-sample", "reconcileID": "ae2dd2c7-b985-4a7b-af0e-30909b442c8e", "statefulset": "my-mongodb-sharded-shard1-data"}
2026-08-30T02:54:29.233148678Z 2026-08-30T02:54:29Z	INFO	Shard StatefulSet not ready yet; postponing addShard	{"controller": "mongodautoscaler", "controllerGroup": "autoscaler.mongodb.io", "controllerKind": "MongodAutoscaler", "MongodAutoscaler": {"name":"mongodautoscaler-sample","namespace":"mambo-mongod-cpu"}, "namespace": "mambo-mongod-cpu", "name": "mongodautoscaler-sample", "reconcileID": "ed236eab-ad6a-49a9-bdb0-7e2f65bf32ca", "statefulset": "my-mongodb-sharded-shard1-data"}
2026-08-30T02:55:29.250307651Z 2026-08-30T02:55:29Z	ERROR	addShard Job encountered failures	{"controller": "mongodautoscaler", "controllerGroup": "autoscaler.mongodb.io", "controllerKind": "MongodAutoscaler", "MongodAutoscaler": {"name":"mongodautoscaler-sample","namespace":"mambo-mongod-cpu"}, "namespace": "mambo-mongod-cpu", "name": "mongodautoscaler-sample", "reconcileID": "99800e3b-ccf2-4060-ab83-be5b74f046a8", "replSet": "my-mongodb-sharded-shard-1", "job": "addshard-my-mongodb-sharded-shard-1", "error": "addShard Job failed"}
2026-08-30T02:55:29.250349451Z github.com/Chen-Si-An/Autoscaling/MongoDBOperator/internal/controller.(*MongodAutoscalerReconciler).Reconcile
2026-08-30T02:55:29.250361731Z 	/workspace/internal/controller/mongodautoscaler_controller.go:315
2026-08-30T02:55:29.250369701Z sigs.k8s.io/controller-runtime/pkg/internal/controller.(*Controller[...]).Reconcile
2026-08-30T02:55:29.250376651Z 	/go/pkg/mod/sigs.k8s.io/controller-runtime@v0.22.1/pkg/internal/controller/controller.go:216
2026-08-30T02:55:29.250383341Z sigs.k8s.io/controller-runtime/pkg/internal/controller.(*Controller[...]).reconcileHandler
2026-08-30T02:55:29.250390751Z 	/go/pkg/mod/sigs.k8s.io/controller-runtime@v0.22.1/pkg/internal/controller/controller.go:461
2026-08-30T02:55:29.250398121Z sigs.k8s.io/controller-runtime/pkg/internal/controller.(*Controller[...]).processNextWorkItem
2026-08-30T02:55:29.250405461Z 	/go/pkg/mod/sigs.k8s.io/controller-runtime@v0.22.1/pkg/internal/controller/controller.go:421
2026-08-30T02:55:29.250425301Z sigs.k8s.io/controller-runtime/pkg/internal/controller.(*Controller[...]).Start.func1.1
2026-08-30T02:55:29.250430452Z 	/go/pkg/mod/sigs.k8s.io/controller-runtime@v0.22.1/pkg/internal/controller/controller.go:296
2026-08-30T02:56:59.281721974Z 2026-08-30T02:56:59Z	INFO	addShard Job completed successfully	{"controller": "mongodautoscaler", "controllerGroup": "autoscaler.mongodb.io", "controllerKind": "MongodAutoscaler", "MongodAutoscaler": {"name":"mongodautoscaler-sample","namespace":"mambo-mongod-cpu"}, "namespace": "mambo-mongod-cpu", "name": "mongodautoscaler-sample", "reconcileID": "70433177-a5cf-44ea-b9d1-cec5db8e9d1a", "replSet": "my-mongodb-sharded-shard-1", "job": "addshard-my-mongodb-sharded-shard-1"}
2026-08-30T02:56:59.368236864Z 2026-08-30T02:56:59Z	INFO	Resharding completed; shard scaling-up process finished	{"controller": "mongodautoscaler", "controllerGroup": "autoscaler.mongodb.io", "controllerKind": "MongodAutoscaler", "MongodAutoscaler": {"name":"mongodautoscaler-sample","namespace":"mambo-mongod-cpu"}, "namespace": "mambo-mongod-cpu", "name": "mongodautoscaler-sample", "reconcileID": "a6ba52ae-179c-481c-98a3-91c519d14711"}
2026-08-30T03:02:14.447024725Z 2026-08-30T03:02:14Z	INFO	Scaling up replicas	{"controller": "mongodautoscaler", "controllerGroup": "autoscaler.mongodb.io", "controllerKind": "MongodAutoscaler", "MongodAutoscaler": {"name":"mongodautoscaler-sample","namespace":"mambo-mongod-cpu"}, "namespace": "mambo-mongod-cpu", "name": "mongodautoscaler-sample", "reconcileID": "6082b5d2-a369-4024-acef-53abb8cf790d", "cpu": 113.26520719537294, "iowait": 5.628426765781967, "writeRatio": 0, "oldReplicas": 1, "newReplicas": 2}
2026-08-30T03:02:14.508323651Z 2026-08-30T03:02:14Z	INFO	Patched Bitnami shard StatefulSets	{"controller": "mongodautoscaler", "controllerGroup": "autoscaler.mongodb.io", "controllerKind": "MongodAutoscaler", "MongodAutoscaler": {"name":"mongodautoscaler-sample","namespace":"mambo-mongod-cpu"}, "namespace": "mambo-mongod-cpu", "name": "mongodautoscaler-sample", "reconcileID": "fc760a0b-45c0-40d2-9a77-6bea9a69f917", "newReplicaCount": 2}
2026-08-30T03:02:14.538000977Z 2026-08-30T03:02:14Z	INFO	Waiting for shard StatefulSet to have all replicas ready	{"controller": "mongodautoscaler", "controllerGroup": "autoscaler.mongodb.io", "controllerKind": "MongodAutoscaler", "MongodAutoscaler": {"name":"mongodautoscaler-sample","namespace":"mambo-mongod-cpu"}, "namespace": "mambo-mongod-cpu", "name": "mongodautoscaler-sample", "reconcileID": "dbe1d519-3408-44fe-af2f-c1cea4ea6eb1", "statefulset": "my-mongodb-sharded-shard0-data"}
2026-08-30T03:02:44.538872705Z 2026-08-30T03:02:44Z	INFO	Waiting for shard StatefulSet to have all replicas ready	{"controller": "mongodautoscaler", "controllerGroup": "autoscaler.mongodb.io", "controllerKind": "MongodAutoscaler", "MongodAutoscaler": {"name":"mongodautoscaler-sample","namespace":"mambo-mongod-cpu"}, "namespace": "mambo-mongod-cpu", "name": "mongodautoscaler-sample", "reconcileID": "c6bd21f0-3739-4b0b-9afe-f659f0767fe5", "statefulset": "my-mongodb-sharded-shard0-data"}
2026-08-30T03:04:14.665862695Z 2026-08-30T03:04:14Z	ERROR	membership Job encountered failures	{"controller": "mongodautoscaler", "controllerGroup": "autoscaler.mongodb.io", "controllerKind": "MongodAutoscaler", "MongodAutoscaler": {"name":"mongodautoscaler-sample","namespace":"mambo-mongod-cpu"}, "namespace": "mambo-mongod-cpu", "name": "mongodautoscaler-sample", "reconcileID": "4bd6a1da-097c-45e9-8caf-113b832356c5", "statefulset": "my-mongodb-sharded-shard0-data", "replicaIndex": 1, "job": "add-membership-my-mongodb-sharded-shard0-data-1", "error": "membership Job failed"}
2026-08-30T03:04:14.665920776Z github.com/Chen-Si-An/Autoscaling/MongoDBOperator/internal/controller.(*MongodAutoscalerReconciler).Reconcile
2026-08-30T03:04:14.665932696Z 	/workspace/internal/controller/mongodautoscaler_controller.go:484
2026-08-30T03:04:14.665958386Z sigs.k8s.io/controller-runtime/pkg/internal/controller.(*Controller[...]).Reconcile
2026-08-30T03:04:14.665964446Z 	/go/pkg/mod/sigs.k8s.io/controller-runtime@v0.22.1/pkg/internal/controller/controller.go:216
2026-08-30T03:04:14.665969486Z sigs.k8s.io/controller-runtime/pkg/internal/controller.(*Controller[...]).reconcileHandler
2026-08-30T03:04:14.665974376Z 	/go/pkg/mod/sigs.k8s.io/controller-runtime@v0.22.1/pkg/internal/controller/controller.go:461
2026-08-30T03:04:14.665979236Z sigs.k8s.io/controller-runtime/pkg/internal/controller.(*Controller[...]).processNextWorkItem
2026-08-30T03:04:14.665983426Z 	/go/pkg/mod/sigs.k8s.io/controller-runtime@v0.22.1/pkg/internal/controller/controller.go:421
2026-08-30T03:04:14.665987176Z sigs.k8s.io/controller-runtime/pkg/internal/controller.(*Controller[...]).Start.func1.1
2026-08-30T03:04:14.665990916Z 	/go/pkg/mod/sigs.k8s.io/controller-runtime@v0.22.1/pkg/internal/controller/controller.go:296
2026-08-30T03:05:44.765264614Z 2026-08-30T03:05:44Z	ERROR	membership Job encountered failures	{"controller": "mongodautoscaler", "controllerGroup": "autoscaler.mongodb.io", "controllerKind": "MongodAutoscaler", "MongodAutoscaler": {"name":"mongodautoscaler-sample","namespace":"mambo-mongod-cpu"}, "namespace": "mambo-mongod-cpu", "name": "mongodautoscaler-sample", "reconcileID": "733be0d3-feae-4918-a989-3f12e230d59d", "statefulset": "my-mongodb-sharded-shard0-data", "replicaIndex": 1, "job": "add-membership-my-mongodb-sharded-shard0-data-1", "error": "membership Job failed"}
2026-08-30T03:05:44.765320185Z github.com/Chen-Si-An/Autoscaling/MongoDBOperator/internal/controller.(*MongodAutoscalerReconciler).Reconcile
2026-08-30T03:05:44.765331535Z 	/workspace/internal/controller/mongodautoscaler_controller.go:484
2026-08-30T03:05:44.765339395Z sigs.k8s.io/controller-runtime/pkg/internal/controller.(*Controller[...]).Reconcile
2026-08-30T03:05:44.765346435Z 	/go/pkg/mod/sigs.k8s.io/controller-runtime@v0.22.1/pkg/internal/controller/controller.go:216
2026-08-30T03:05:44.765353755Z sigs.k8s.io/controller-runtime/pkg/internal/controller.(*Controller[...]).reconcileHandler
2026-08-30T03:05:44.765360655Z 	/go/pkg/mod/sigs.k8s.io/controller-runtime@v0.22.1/pkg/internal/controller/controller.go:461
2026-08-30T03:05:44.765367475Z sigs.k8s.io/controller-runtime/pkg/internal/controller.(*Controller[...]).processNextWorkItem
2026-08-30T03:05:44.765373835Z 	/go/pkg/mod/sigs.k8s.io/controller-runtime@v0.22.1/pkg/internal/controller/controller.go:421
2026-08-30T03:05:44.765380425Z sigs.k8s.io/controller-runtime/pkg/internal/controller.(*Controller[...]).Start.func1.1
2026-08-30T03:05:44.765386975Z 	/go/pkg/mod/sigs.k8s.io/controller-runtime@v0.22.1/pkg/internal/controller/controller.go:296
2026-08-30T03:06:44.777636101Z 2026-08-30T03:06:44Z	INFO	Waiting for shard StatefulSet to have all replicas ready	{"controller": "mongodautoscaler", "controllerGroup": "autoscaler.mongodb.io", "controllerKind": "MongodAutoscaler", "MongodAutoscaler": {"name":"mongodautoscaler-sample","namespace":"mambo-mongod-cpu"}, "namespace": "mambo-mongod-cpu", "name": "mongodautoscaler-sample", "reconcileID": "06c5bba5-5a3f-4086-bd86-16f4f98f2795", "statefulset": "my-mongodb-sharded-shard0-data"}
2026-08-30T03:07:44.864551976Z 2026-08-30T03:07:44Z	ERROR	membership Job encountered failures	{"controller": "mongodautoscaler", "controllerGroup": "autoscaler.mongodb.io", "controllerKind": "MongodAutoscaler", "MongodAutoscaler": {"name":"mongodautoscaler-sample","namespace":"mambo-mongod-cpu"}, "namespace": "mambo-mongod-cpu", "name": "mongodautoscaler-sample", "reconcileID": "7690473b-6199-4c4a-aa75-531bfd145505", "statefulset": "my-mongodb-sharded-shard0-data", "replicaIndex": 1, "job": "add-membership-my-mongodb-sharded-shard0-data-1", "error": "membership Job failed"}
2026-08-30T03:07:44.864600536Z github.com/Chen-Si-An/Autoscaling/MongoDBOperator/internal/controller.(*MongodAutoscalerReconciler).Reconcile
2026-08-30T03:07:44.864628026Z 	/workspace/internal/controller/mongodautoscaler_controller.go:484
2026-08-30T03:07:44.864634896Z sigs.k8s.io/controller-runtime/pkg/internal/controller.(*Controller[...]).Reconcile
2026-08-30T03:07:44.864640046Z 	/go/pkg/mod/sigs.k8s.io/controller-runtime@v0.22.1/pkg/internal/controller/controller.go:216
2026-08-30T03:07:44.864645016Z sigs.k8s.io/controller-runtime/pkg/internal/controller.(*Controller[...]).reconcileHandler
2026-08-30T03:07:44.864649666Z 	/go/pkg/mod/sigs.k8s.io/controller-runtime@v0.22.1/pkg/internal/controller/controller.go:461
2026-08-30T03:07:44.864654406Z sigs.k8s.io/controller-runtime/pkg/internal/controller.(*Controller[...]).processNextWorkItem
2026-08-30T03:07:44.864658946Z 	/go/pkg/mod/sigs.k8s.io/controller-runtime@v0.22.1/pkg/internal/controller/controller.go:421
2026-08-30T03:07:44.864663656Z sigs.k8s.io/controller-runtime/pkg/internal/controller.(*Controller[...]).Start.func1.1
2026-08-30T03:07:44.864668086Z 	/go/pkg/mod/sigs.k8s.io/controller-runtime@v0.22.1/pkg/internal/controller/controller.go:296
2026-08-30T03:09:14.955342940Z 2026-08-30T03:09:14Z	ERROR	membership Job encountered failures	{"controller": "mongodautoscaler", "controllerGroup": "autoscaler.mongodb.io", "controllerKind": "MongodAutoscaler", "MongodAutoscaler": {"name":"mongodautoscaler-sample","namespace":"mambo-mongod-cpu"}, "namespace": "mambo-mongod-cpu", "name": "mongodautoscaler-sample", "reconcileID": "b24520fd-3e44-43ac-a4c3-8d07fb09584d", "statefulset": "my-mongodb-sharded-shard0-data", "replicaIndex": 1, "job": "add-membership-my-mongodb-sharded-shard0-data-1", "error": "membership Job failed"}
2026-08-30T03:09:14.955390921Z github.com/Chen-Si-An/Autoscaling/MongoDBOperator/internal/controller.(*MongodAutoscalerReconciler).Reconcile
2026-08-30T03:09:14.955402351Z 	/workspace/internal/controller/mongodautoscaler_controller.go:484
2026-08-30T03:09:14.955410531Z sigs.k8s.io/controller-runtime/pkg/internal/controller.(*Controller[...]).Reconcile
2026-08-30T03:09:14.955416551Z 	/go/pkg/mod/sigs.k8s.io/controller-runtime@v0.22.1/pkg/internal/controller/controller.go:216
2026-08-30T03:09:14.955422261Z sigs.k8s.io/controller-runtime/pkg/internal/controller.(*Controller[...]).reconcileHandler
2026-08-30T03:09:14.955427791Z 	/go/pkg/mod/sigs.k8s.io/controller-runtime@v0.22.1/pkg/internal/controller/controller.go:461
2026-08-30T03:09:14.955433251Z sigs.k8s.io/controller-runtime/pkg/internal/controller.(*Controller[...]).processNextWorkItem
2026-08-30T03:09:14.955438641Z 	/go/pkg/mod/sigs.k8s.io/controller-runtime@v0.22.1/pkg/internal/controller/controller.go:421
2026-08-30T03:09:14.955444891Z sigs.k8s.io/controller-runtime/pkg/internal/controller.(*Controller[...]).Start.func1.1
2026-08-30T03:09:14.955452701Z 	/go/pkg/mod/sigs.k8s.io/controller-runtime@v0.22.1/pkg/internal/controller/controller.go:296
2026-08-30T03:10:15.010977316Z 2026-08-30T03:10:15Z	ERROR	membership Job encountered failures	{"controller": "mongodautoscaler", "controllerGroup": "autoscaler.mongodb.io", "controllerKind": "MongodAutoscaler", "MongodAutoscaler": {"name":"mongodautoscaler-sample","namespace":"mambo-mongod-cpu"}, "namespace": "mambo-mongod-cpu", "name": "mongodautoscaler-sample", "reconcileID": "a2b5b4fa-1e3c-4a8b-813d-7bc6370dca26", "statefulset": "my-mongodb-sharded-shard1-data", "replicaIndex": 1, "job": "add-membership-my-mongodb-sharded-shard1-data-1", "error": "membership Job failed"}
2026-08-30T03:10:15.011032456Z github.com/Chen-Si-An/Autoscaling/MongoDBOperator/internal/controller.(*MongodAutoscalerReconciler).Reconcile
2026-08-30T03:10:15.011043746Z 	/workspace/internal/controller/mongodautoscaler_controller.go:484
2026-08-30T03:10:15.011052336Z sigs.k8s.io/controller-runtime/pkg/internal/controller.(*Controller[...]).Reconcile
2026-08-30T03:10:15.011090147Z 	/go/pkg/mod/sigs.k8s.io/controller-runtime@v0.22.1/pkg/internal/controller/controller.go:216
2026-08-30T03:10:15.011097307Z sigs.k8s.io/controller-runtime/pkg/internal/controller.(*Controller[...]).reconcileHandler
2026-08-30T03:10:15.011102247Z 	/go/pkg/mod/sigs.k8s.io/controller-runtime@v0.22.1/pkg/internal/controller/controller.go:461
2026-08-30T03:10:15.011107747Z sigs.k8s.io/controller-runtime/pkg/internal/controller.(*Controller[...]).processNextWorkItem
2026-08-30T03:10:15.011112717Z 	/go/pkg/mod/sigs.k8s.io/controller-runtime@v0.22.1/pkg/internal/controller/controller.go:421
2026-08-30T03:10:15.011117267Z sigs.k8s.io/controller-runtime/pkg/internal/controller.(*Controller[...]).Start.func1.1
2026-08-30T03:10:15.011121967Z 	/go/pkg/mod/sigs.k8s.io/controller-runtime@v0.22.1/pkg/internal/controller/controller.go:296
2026-08-30T03:11:15.069201233Z 2026-08-30T03:11:15Z	ERROR	membership Job encountered failures	{"controller": "mongodautoscaler", "controllerGroup": "autoscaler.mongodb.io", "controllerKind": "MongodAutoscaler", "MongodAutoscaler": {"name":"mongodautoscaler-sample","namespace":"mambo-mongod-cpu"}, "namespace": "mambo-mongod-cpu", "name": "mongodautoscaler-sample", "reconcileID": "b649b65e-91bf-4d47-8a24-93b8ef59be8a", "statefulset": "my-mongodb-sharded-shard0-data", "replicaIndex": 1, "job": "add-membership-my-mongodb-sharded-shard0-data-1", "error": "membership Job failed"}
2026-08-30T03:11:15.069257963Z github.com/Chen-Si-An/Autoscaling/MongoDBOperator/internal/controller.(*MongodAutoscalerReconciler).Reconcile
2026-08-30T03:11:15.069269233Z 	/workspace/internal/controller/mongodautoscaler_controller.go:484
2026-08-30T03:11:15.069276973Z sigs.k8s.io/controller-runtime/pkg/internal/controller.(*Controller[...]).Reconcile
2026-08-30T03:11:15.069283833Z 	/go/pkg/mod/sigs.k8s.io/controller-runtime@v0.22.1/pkg/internal/controller/controller.go:216
2026-08-30T03:11:15.069290503Z sigs.k8s.io/controller-runtime/pkg/internal/controller.(*Controller[...]).reconcileHandler
2026-08-30T03:11:15.069297974Z 	/go/pkg/mod/sigs.k8s.io/controller-runtime@v0.22.1/pkg/internal/controller/controller.go:461
2026-08-30T03:11:15.069304594Z sigs.k8s.io/controller-runtime/pkg/internal/controller.(*Controller[...]).processNextWorkItem
2026-08-30T03:11:15.069311054Z 	/go/pkg/mod/sigs.k8s.io/controller-runtime@v0.22.1/pkg/internal/controller/controller.go:421
2026-08-30T03:11:15.069317564Z sigs.k8s.io/controller-runtime/pkg/internal/controller.(*Controller[...]).Start.func1.1
2026-08-30T03:11:15.069324024Z 	/go/pkg/mod/sigs.k8s.io/controller-runtime@v0.22.1/pkg/internal/controller/controller.go:296
2026-08-30T03:12:45.166937963Z 2026-08-30T03:12:45Z	ERROR	membership Job encountered failures	{"controller": "mongodautoscaler", "controllerGroup": "autoscaler.mongodb.io", "controllerKind": "MongodAutoscaler", "MongodAutoscaler": {"name":"mongodautoscaler-sample","namespace":"mambo-mongod-cpu"}, "namespace": "mambo-mongod-cpu", "name": "mongodautoscaler-sample", "reconcileID": "3721dd63-87f0-4671-89ac-fffb467168e5", "statefulset": "my-mongodb-sharded-shard0-data", "replicaIndex": 1, "job": "add-membership-my-mongodb-sharded-shard0-data-1", "error": "membership Job failed"}
2026-08-30T03:12:45.166995733Z github.com/Chen-Si-An/Autoscaling/MongoDBOperator/internal/controller.(*MongodAutoscalerReconciler).Reconcile
2026-08-30T03:12:45.167009053Z 	/workspace/internal/controller/mongodautoscaler_controller.go:484
2026-08-30T03:12:45.167018003Z sigs.k8s.io/controller-runtime/pkg/internal/controller.(*Controller[...]).Reconcile
2026-08-30T03:12:45.167026303Z 	/go/pkg/mod/sigs.k8s.io/controller-runtime@v0.22.1/pkg/internal/controller/controller.go:216
2026-08-30T03:12:45.167033233Z sigs.k8s.io/controller-runtime/pkg/internal/controller.(*Controller[...]).reconcileHandler
2026-08-30T03:12:45.167054513Z 	/go/pkg/mod/sigs.k8s.io/controller-runtime@v0.22.1/pkg/internal/controller/controller.go:461
2026-08-30T03:12:45.167058853Z sigs.k8s.io/controller-runtime/pkg/internal/controller.(*Controller[...]).processNextWorkItem
2026-08-30T03:12:45.167062894Z 	/go/pkg/mod/sigs.k8s.io/controller-runtime@v0.22.1/pkg/internal/controller/controller.go:421
2026-08-30T03:12:45.167066604Z sigs.k8s.io/controller-runtime/pkg/internal/controller.(*Controller[...]).Start.func1.1
2026-08-30T03:12:45.167070914Z 	/go/pkg/mod/sigs.k8s.io/controller-runtime@v0.22.1/pkg/internal/controller/controller.go:296
2026-08-30T03:14:15.264054530Z 2026-08-30T03:14:15Z	ERROR	membership Job encountered failures	{"controller": "mongodautoscaler", "controllerGroup": "autoscaler.mongodb.io", "controllerKind": "MongodAutoscaler", "MongodAutoscaler": {"name":"mongodautoscaler-sample","namespace":"mambo-mongod-cpu"}, "namespace": "mambo-mongod-cpu", "name": "mongodautoscaler-sample", "reconcileID": "fb5453c3-4348-4add-a417-30aae1d60c19", "statefulset": "my-mongodb-sharded-shard1-data", "replicaIndex": 1, "job": "add-membership-my-mongodb-sharded-shard1-data-1", "error": "membership Job failed"}
2026-08-30T03:14:15.264110330Z github.com/Chen-Si-An/Autoscaling/MongoDBOperator/internal/controller.(*MongodAutoscalerReconciler).Reconcile
2026-08-30T03:14:15.264122181Z 	/workspace/internal/controller/mongodautoscaler_controller.go:484
2026-08-30T03:14:15.264130641Z sigs.k8s.io/controller-runtime/pkg/internal/controller.(*Controller[...]).Reconcile
2026-08-30T03:14:15.264137991Z 	/go/pkg/mod/sigs.k8s.io/controller-runtime@v0.22.1/pkg/internal/controller/controller.go:216
2026-08-30T03:14:15.264145001Z sigs.k8s.io/controller-runtime/pkg/internal/controller.(*Controller[...]).reconcileHandler
2026-08-30T03:14:15.264152121Z 	/go/pkg/mod/sigs.k8s.io/controller-runtime@v0.22.1/pkg/internal/controller/controller.go:461
2026-08-30T03:14:15.264158461Z sigs.k8s.io/controller-runtime/pkg/internal/controller.(*Controller[...]).processNextWorkItem
2026-08-30T03:14:15.264165191Z 	/go/pkg/mod/sigs.k8s.io/controller-runtime@v0.22.1/pkg/internal/controller/controller.go:421
2026-08-30T03:14:15.264197281Z sigs.k8s.io/controller-runtime/pkg/internal/controller.(*Controller[...]).Start.func1.1
2026-08-30T03:14:15.264207821Z 	/go/pkg/mod/sigs.k8s.io/controller-runtime@v0.22.1/pkg/internal/controller/controller.go:296
2026-08-30T03:15:15.314044729Z 2026-08-30T03:15:15Z	ERROR	membership Job encountered failures	{"controller": "mongodautoscaler", "controllerGroup": "autoscaler.mongodb.io", "controllerKind": "MongodAutoscaler", "MongodAutoscaler": {"name":"mongodautoscaler-sample","namespace":"mambo-mongod-cpu"}, "namespace": "mambo-mongod-cpu", "name": "mongodautoscaler-sample", "reconcileID": "94e84a62-dc8a-479f-963d-59b23431afaf", "statefulset": "my-mongodb-sharded-shard0-data", "replicaIndex": 1, "job": "add-membership-my-mongodb-sharded-shard0-data-1", "error": "membership Job failed"}
2026-08-30T03:15:15.314096069Z github.com/Chen-Si-An/Autoscaling/MongoDBOperator/internal/controller.(*MongodAutoscalerReconciler).Reconcile
2026-08-30T03:15:15.314106979Z 	/workspace/internal/controller/mongodautoscaler_controller.go:484
2026-08-30T03:15:15.314114790Z sigs.k8s.io/controller-runtime/pkg/internal/controller.(*Controller[...]).Reconcile
2026-08-30T03:15:15.314122480Z 	/go/pkg/mod/sigs.k8s.io/controller-runtime@v0.22.1/pkg/internal/controller/controller.go:216
2026-08-30T03:15:15.314129690Z sigs.k8s.io/controller-runtime/pkg/internal/controller.(*Controller[...]).reconcileHandler
2026-08-30T03:15:15.314136660Z 	/go/pkg/mod/sigs.k8s.io/controller-runtime@v0.22.1/pkg/internal/controller/controller.go:461
2026-08-30T03:15:15.314144340Z sigs.k8s.io/controller-runtime/pkg/internal/controller.(*Controller[...]).processNextWorkItem
2026-08-30T03:15:15.314151230Z 	/go/pkg/mod/sigs.k8s.io/controller-runtime@v0.22.1/pkg/internal/controller/controller.go:421
2026-08-30T03:15:15.314249910Z sigs.k8s.io/controller-runtime/pkg/internal/controller.(*Controller[...]).Start.func1.1
2026-08-30T03:15:15.314261531Z 	/go/pkg/mod/sigs.k8s.io/controller-runtime@v0.22.1/pkg/internal/controller/controller.go:296
2026-08-30T03:16:45.414719548Z 2026-08-30T03:16:45Z	ERROR	membership Job encountered failures	{"controller": "mongodautoscaler", "controllerGroup": "autoscaler.mongodb.io", "controllerKind": "MongodAutoscaler", "MongodAutoscaler": {"name":"mongodautoscaler-sample","namespace":"mambo-mongod-cpu"}, "namespace": "mambo-mongod-cpu", "name": "mongodautoscaler-sample", "reconcileID": "7ad362ab-a797-4e5d-b23d-aeece863d43f", "statefulset": "my-mongodb-sharded-shard0-data", "replicaIndex": 1, "job": "add-membership-my-mongodb-sharded-shard0-data-1", "error": "membership Job failed"}
2026-08-30T03:16:45.414767508Z github.com/Chen-Si-An/Autoscaling/MongoDBOperator/internal/controller.(*MongodAutoscalerReconciler).Reconcile
2026-08-30T03:16:45.414779298Z 	/workspace/internal/controller/mongodautoscaler_controller.go:484
2026-08-30T03:16:45.414787488Z sigs.k8s.io/controller-runtime/pkg/internal/controller.(*Controller[...]).Reconcile
2026-08-30T03:16:45.414794898Z 	/go/pkg/mod/sigs.k8s.io/controller-runtime@v0.22.1/pkg/internal/controller/controller.go:216
2026-08-30T03:16:45.414801568Z sigs.k8s.io/controller-runtime/pkg/internal/controller.(*Controller[...]).reconcileHandler
2026-08-30T03:16:45.414807328Z 	/go/pkg/mod/sigs.k8s.io/controller-runtime@v0.22.1/pkg/internal/controller/controller.go:461
2026-08-30T03:16:45.414813068Z sigs.k8s.io/controller-runtime/pkg/internal/controller.(*Controller[...]).processNextWorkItem
2026-08-30T03:16:45.414818508Z 	/go/pkg/mod/sigs.k8s.io/controller-runtime@v0.22.1/pkg/internal/controller/controller.go:421
2026-08-30T03:16:45.414826158Z sigs.k8s.io/controller-runtime/pkg/internal/controller.(*Controller[...]).Start.func1.1
2026-08-30T03:16:45.414831708Z 	/go/pkg/mod/sigs.k8s.io/controller-runtime@v0.22.1/pkg/internal/controller/controller.go:296
2026-08-30T03:18:15.537801813Z 2026-08-30T03:18:15Z	ERROR	membership Job encountered failures	{"controller": "mongodautoscaler", "controllerGroup": "autoscaler.mongodb.io", "controllerKind": "MongodAutoscaler", "MongodAutoscaler": {"name":"mongodautoscaler-sample","namespace":"mambo-mongod-cpu"}, "namespace": "mambo-mongod-cpu", "name": "mongodautoscaler-sample", "reconcileID": "98d91f0a-c363-48d0-b817-694ae326444e", "statefulset": "my-mongodb-sharded-shard0-data", "replicaIndex": 1, "job": "add-membership-my-mongodb-sharded-shard0-data-1", "error": "membership Job failed"}
2026-08-30T03:18:15.537855463Z github.com/Chen-Si-An/Autoscaling/MongoDBOperator/internal/controller.(*MongodAutoscalerReconciler).Reconcile
2026-08-30T03:18:15.537866923Z 	/workspace/internal/controller/mongodautoscaler_controller.go:484
2026-08-30T03:18:15.537874753Z sigs.k8s.io/controller-runtime/pkg/internal/controller.(*Controller[...]).Reconcile
2026-08-30T03:18:15.537936324Z 	/go/pkg/mod/sigs.k8s.io/controller-runtime@v0.22.1/pkg/internal/controller/controller.go:216
2026-08-30T03:18:15.537945664Z sigs.k8s.io/controller-runtime/pkg/internal/controller.(*Controller[...]).reconcileHandler
2026-08-30T03:18:15.538009414Z 	/go/pkg/mod/sigs.k8s.io/controller-runtime@v0.22.1/pkg/internal/controller/controller.go:461
2026-08-30T03:18:15.538020464Z sigs.k8s.io/controller-runtime/pkg/internal/controller.(*Controller[...]).processNextWorkItem
2026-08-30T03:18:15.538027525Z 	/go/pkg/mod/sigs.k8s.io/controller-runtime@v0.22.1/pkg/internal/controller/controller.go:421
2026-08-30T03:18:15.538034305Z sigs.k8s.io/controller-runtime/pkg/internal/controller.(*Controller[...]).Start.func1.1
2026-08-30T03:18:15.538041135Z 	/go/pkg/mod/sigs.k8s.io/controller-runtime@v0.22.1/pkg/internal/controller/controller.go:296
2026-08-30T03:19:45.630628534Z 2026-08-30T03:19:45Z	ERROR	membership Job encountered failures	{"controller": "mongodautoscaler", "controllerGroup": "autoscaler.mongodb.io", "controllerKind": "MongodAutoscaler", "MongodAutoscaler": {"name":"mongodautoscaler-sample","namespace":"mambo-mongod-cpu"}, "namespace": "mambo-mongod-cpu", "name": "mongodautoscaler-sample", "reconcileID": "aa9ef399-8e9d-461e-9b96-183fdf22f2bf", "statefulset": "my-mongodb-sharded-shard0-data", "replicaIndex": 1, "job": "add-membership-my-mongodb-sharded-shard0-data-1", "error": "membership Job failed"}
2026-08-30T03:19:45.630676244Z github.com/Chen-Si-An/Autoscaling/MongoDBOperator/internal/controller.(*MongodAutoscalerReconciler).Reconcile
2026-08-30T03:19:45.630686764Z 	/workspace/internal/controller/mongodautoscaler_controller.go:484
2026-08-30T03:19:45.630695174Z sigs.k8s.io/controller-runtime/pkg/internal/controller.(*Controller[...]).Reconcile
2026-08-30T03:19:45.630702214Z 	/go/pkg/mod/sigs.k8s.io/controller-runtime@v0.22.1/pkg/internal/controller/controller.go:216
2026-08-30T03:19:45.630709014Z sigs.k8s.io/controller-runtime/pkg/internal/controller.(*Controller[...]).reconcileHandler
2026-08-30T03:19:45.630715744Z 	/go/pkg/mod/sigs.k8s.io/controller-runtime@v0.22.1/pkg/internal/controller/controller.go:461
2026-08-30T03:19:45.630722984Z sigs.k8s.io/controller-runtime/pkg/internal/controller.(*Controller[...]).processNextWorkItem
2026-08-30T03:19:45.630729474Z 	/go/pkg/mod/sigs.k8s.io/controller-runtime@v0.22.1/pkg/internal/controller/controller.go:421
2026-08-30T03:19:45.630735154Z sigs.k8s.io/controller-runtime/pkg/internal/controller.(*Controller[...]).Start.func1.1
2026-08-30T03:19:45.630740724Z 	/go/pkg/mod/sigs.k8s.io/controller-runtime@v0.22.1/pkg/internal/controller/controller.go:296
2026-08-30T03:21:15.734978655Z 2026-08-30T03:21:15Z	ERROR	membership Job encountered failures	{"controller": "mongodautoscaler", "controllerGroup": "autoscaler.mongodb.io", "controllerKind": "MongodAutoscaler", "MongodAutoscaler": {"name":"mongodautoscaler-sample","namespace":"mambo-mongod-cpu"}, "namespace": "mambo-mongod-cpu", "name": "mongodautoscaler-sample", "reconcileID": "66875598-3e58-4826-b4b5-053f7ff83115", "statefulset": "my-mongodb-sharded-shard1-data", "replicaIndex": 1, "job": "add-membership-my-mongodb-sharded-shard1-data-1", "error": "membership Job failed"}
2026-08-30T03:21:15.735029496Z github.com/Chen-Si-An/Autoscaling/MongoDBOperator/internal/controller.(*MongodAutoscalerReconciler).Reconcile
2026-08-30T03:21:15.735040166Z 	/workspace/internal/controller/mongodautoscaler_controller.go:484
2026-08-30T03:21:15.735048206Z sigs.k8s.io/controller-runtime/pkg/internal/controller.(*Controller[...]).Reconcile
2026-08-30T03:21:15.735055526Z 	/go/pkg/mod/sigs.k8s.io/controller-runtime@v0.22.1/pkg/internal/controller/controller.go:216
2026-08-30T03:21:15.735062546Z sigs.k8s.io/controller-runtime/pkg/internal/controller.(*Controller[...]).reconcileHandler
2026-08-30T03:21:15.735069306Z 	/go/pkg/mod/sigs.k8s.io/controller-runtime@v0.22.1/pkg/internal/controller/controller.go:461
2026-08-30T03:21:15.735076366Z sigs.k8s.io/controller-runtime/pkg/internal/controller.(*Controller[...]).processNextWorkItem
2026-08-30T03:21:15.735083446Z 	/go/pkg/mod/sigs.k8s.io/controller-runtime@v0.22.1/pkg/internal/controller/controller.go:421
2026-08-30T03:21:15.735090086Z sigs.k8s.io/controller-runtime/pkg/internal/controller.(*Controller[...]).Start.func1.1
2026-08-30T03:21:15.735096816Z 	/go/pkg/mod/sigs.k8s.io/controller-runtime@v0.22.1/pkg/internal/controller/controller.go:296
2026-08-30T03:22:45.835579265Z 2026-08-30T03:22:45Z	ERROR	membership Job encountered failures	{"controller": "mongodautoscaler", "controllerGroup": "autoscaler.mongodb.io", "controllerKind": "MongodAutoscaler", "MongodAutoscaler": {"name":"mongodautoscaler-sample","namespace":"mambo-mongod-cpu"}, "namespace": "mambo-mongod-cpu", "name": "mongodautoscaler-sample", "reconcileID": "d98102a8-b780-4564-9a24-0914015bf64e", "statefulset": "my-mongodb-sharded-shard0-data", "replicaIndex": 1, "job": "add-membership-my-mongodb-sharded-shard0-data-1", "error": "membership Job failed"}
2026-08-30T03:22:45.835644746Z github.com/Chen-Si-An/Autoscaling/MongoDBOperator/internal/controller.(*MongodAutoscalerReconciler).Reconcile
2026-08-30T03:22:45.835653786Z 	/workspace/internal/controller/mongodautoscaler_controller.go:484
2026-08-30T03:22:45.835659556Z sigs.k8s.io/controller-runtime/pkg/internal/controller.(*Controller[...]).Reconcile
2026-08-30T03:22:45.835664996Z 	/go/pkg/mod/sigs.k8s.io/controller-runtime@v0.22.1/pkg/internal/controller/controller.go:216
2026-08-30T03:22:45.835670056Z sigs.k8s.io/controller-runtime/pkg/internal/controller.(*Controller[...]).reconcileHandler
2026-08-30T03:22:45.835674726Z 	/go/pkg/mod/sigs.k8s.io/controller-runtime@v0.22.1/pkg/internal/controller/controller.go:461
2026-08-30T03:22:45.835679286Z sigs.k8s.io/controller-runtime/pkg/internal/controller.(*Controller[...]).processNextWorkItem
2026-08-30T03:22:45.835684186Z 	/go/pkg/mod/sigs.k8s.io/controller-runtime@v0.22.1/pkg/internal/controller/controller.go:421
2026-08-30T03:22:45.835688576Z sigs.k8s.io/controller-runtime/pkg/internal/controller.(*Controller[...]).Start.func1.1
2026-08-30T03:22:45.835692946Z 	/go/pkg/mod/sigs.k8s.io/controller-runtime@v0.22.1/pkg/internal/controller/controller.go:296
2026-08-30T03:24:15.942245068Z 2026-08-30T03:24:15Z	ERROR	membership Job encountered failures	{"controller": "mongodautoscaler", "controllerGroup": "autoscaler.mongodb.io", "controllerKind": "MongodAutoscaler", "MongodAutoscaler": {"name":"mongodautoscaler-sample","namespace":"mambo-mongod-cpu"}, "namespace": "mambo-mongod-cpu", "name": "mongodautoscaler-sample", "reconcileID": "98292314-e79c-49c5-b4d4-7ccd9c7a3b99", "statefulset": "my-mongodb-sharded-shard0-data", "replicaIndex": 1, "job": "add-membership-my-mongodb-sharded-shard0-data-1", "error": "membership Job failed"}
2026-08-30T03:24:15.942286118Z github.com/Chen-Si-An/Autoscaling/MongoDBOperator/internal/controller.(*MongodAutoscalerReconciler).Reconcile
2026-08-30T03:24:15.942299069Z 	/workspace/internal/controller/mongodautoscaler_controller.go:484
2026-08-30T03:24:15.942309389Z sigs.k8s.io/controller-runtime/pkg/internal/controller.(*Controller[...]).Reconcile
2026-08-30T03:24:15.942316879Z 	/go/pkg/mod/sigs.k8s.io/controller-runtime@v0.22.1/pkg/internal/controller/controller.go:216
2026-08-30T03:24:15.942324349Z sigs.k8s.io/controller-runtime/pkg/internal/controller.(*Controller[...]).reconcileHandler
2026-08-30T03:24:15.942331159Z 	/go/pkg/mod/sigs.k8s.io/controller-runtime@v0.22.1/pkg/internal/controller/controller.go:461
2026-08-30T03:24:15.942338509Z sigs.k8s.io/controller-runtime/pkg/internal/controller.(*Controller[...]).processNextWorkItem
2026-08-30T03:24:15.942345399Z 	/go/pkg/mod/sigs.k8s.io/controller-runtime@v0.22.1/pkg/internal/controller/controller.go:421
2026-08-30T03:24:15.942351969Z sigs.k8s.io/controller-runtime/pkg/internal/controller.(*Controller[...]).Start.func1.1
2026-08-30T03:24:15.942358959Z 	/go/pkg/mod/sigs.k8s.io/controller-runtime@v0.22.1/pkg/internal/controller/controller.go:296
2026-08-30T03:25:46.104068093Z 2026-08-30T03:25:46Z	ERROR	membership Job encountered failures	{"controller": "mongodautoscaler", "controllerGroup": "autoscaler.mongodb.io", "controllerKind": "MongodAutoscaler", "MongodAutoscaler": {"name":"mongodautoscaler-sample","namespace":"mambo-mongod-cpu"}, "namespace": "mambo-mongod-cpu", "name": "mongodautoscaler-sample", "reconcileID": "e84668de-88f8-4f65-aa9f-938381ebe005", "statefulset": "my-mongodb-sharded-shard0-data", "replicaIndex": 1, "job": "add-membership-my-mongodb-sharded-shard0-data-1", "error": "membership Job failed"}
2026-08-30T03:25:46.104123883Z github.com/Chen-Si-An/Autoscaling/MongoDBOperator/internal/controller.(*MongodAutoscalerReconciler).Reconcile
2026-08-30T03:25:46.104132423Z 	/workspace/internal/controller/mongodautoscaler_controller.go:484
2026-08-30T03:25:46.104138193Z sigs.k8s.io/controller-runtime/pkg/internal/controller.(*Controller[...]).Reconcile
2026-08-30T03:25:46.104143283Z 	/go/pkg/mod/sigs.k8s.io/controller-runtime@v0.22.1/pkg/internal/controller/controller.go:216
2026-08-30T03:25:46.104147923Z sigs.k8s.io/controller-runtime/pkg/internal/controller.(*Controller[...]).reconcileHandler
2026-08-30T03:25:46.104152453Z 	/go/pkg/mod/sigs.k8s.io/controller-runtime@v0.22.1/pkg/internal/controller/controller.go:461
2026-08-30T03:25:46.104156913Z sigs.k8s.io/controller-runtime/pkg/internal/controller.(*Controller[...]).processNextWorkItem
2026-08-30T03:25:46.104161794Z 	/go/pkg/mod/sigs.k8s.io/controller-runtime@v0.22.1/pkg/internal/controller/controller.go:421
2026-08-30T03:25:46.104166404Z sigs.k8s.io/controller-runtime/pkg/internal/controller.(*Controller[...]).Start.func1.1
2026-08-30T03:25:46.104195404Z 	/go/pkg/mod/sigs.k8s.io/controller-runtime@v0.22.1/pkg/internal/controller/controller.go:296
2026-08-30T03:27:16.202462840Z 2026-08-30T03:27:16Z	ERROR	membership Job encountered failures	{"controller": "mongodautoscaler", "controllerGroup": "autoscaler.mongodb.io", "controllerKind": "MongodAutoscaler", "MongodAutoscaler": {"name":"mongodautoscaler-sample","namespace":"mambo-mongod-cpu"}, "namespace": "mambo-mongod-cpu", "name": "mongodautoscaler-sample", "reconcileID": "ccca3cf5-5160-4dda-ac2b-bc85e288666a", "statefulset": "my-mongodb-sharded-shard0-data", "replicaIndex": 1, "job": "add-membership-my-mongodb-sharded-shard0-data-1", "error": "membership Job failed"}
2026-08-30T03:27:16.202521060Z github.com/Chen-Si-An/Autoscaling/MongoDBOperator/internal/controller.(*MongodAutoscalerReconciler).Reconcile
2026-08-30T03:27:16.202531850Z 	/workspace/internal/controller/mongodautoscaler_controller.go:484
2026-08-30T03:27:16.202554080Z sigs.k8s.io/controller-runtime/pkg/internal/controller.(*Controller[...]).Reconcile
2026-08-30T03:27:16.202565310Z 	/go/pkg/mod/sigs.k8s.io/controller-runtime@v0.22.1/pkg/internal/controller/controller.go:216
2026-08-30T03:27:16.202573640Z sigs.k8s.io/controller-runtime/pkg/internal/controller.(*Controller[...]).reconcileHandler
2026-08-30T03:27:16.202580931Z 	/go/pkg/mod/sigs.k8s.io/controller-runtime@v0.22.1/pkg/internal/controller/controller.go:461
2026-08-30T03:27:16.202588101Z sigs.k8s.io/controller-runtime/pkg/internal/controller.(*Controller[...]).processNextWorkItem
2026-08-30T03:27:16.202594801Z 	/go/pkg/mod/sigs.k8s.io/controller-runtime@v0.22.1/pkg/internal/controller/controller.go:421
2026-08-30T03:27:16.202601411Z sigs.k8s.io/controller-runtime/pkg/internal/controller.(*Controller[...]).Start.func1.1
2026-08-30T03:27:16.202607921Z 	/go/pkg/mod/sigs.k8s.io/controller-runtime@v0.22.1/pkg/internal/controller/controller.go:296
2026-08-30T03:28:46.312907299Z 2026-08-30T03:28:46Z	ERROR	membership Job encountered failures	{"controller": "mongodautoscaler", "controllerGroup": "autoscaler.mongodb.io", "controllerKind": "MongodAutoscaler", "MongodAutoscaler": {"name":"mongodautoscaler-sample","namespace":"mambo-mongod-cpu"}, "namespace": "mambo-mongod-cpu", "name": "mongodautoscaler-sample", "reconcileID": "b0a976d1-a727-49d1-9b54-98e79e7faed2", "statefulset": "my-mongodb-sharded-shard1-data", "replicaIndex": 1, "job": "add-membership-my-mongodb-sharded-shard1-data-1", "error": "membership Job failed"}
2026-08-30T03:28:46.312967840Z github.com/Chen-Si-An/Autoscaling/MongoDBOperator/internal/controller.(*MongodAutoscalerReconciler).Reconcile
2026-08-30T03:28:46.312983210Z 	/workspace/internal/controller/mongodautoscaler_controller.go:484
2026-08-30T03:28:46.313011340Z sigs.k8s.io/controller-runtime/pkg/internal/controller.(*Controller[...]).Reconcile
2026-08-30T03:28:46.313017780Z 	/go/pkg/mod/sigs.k8s.io/controller-runtime@v0.22.1/pkg/internal/controller/controller.go:216
2026-08-30T03:28:46.313023070Z sigs.k8s.io/controller-runtime/pkg/internal/controller.(*Controller[...]).reconcileHandler
2026-08-30T03:28:46.313028920Z 	/go/pkg/mod/sigs.k8s.io/controller-runtime@v0.22.1/pkg/internal/controller/controller.go:461
2026-08-30T03:28:46.313033870Z sigs.k8s.io/controller-runtime/pkg/internal/controller.(*Controller[...]).processNextWorkItem
2026-08-30T03:28:46.313038480Z 	/go/pkg/mod/sigs.k8s.io/controller-runtime@v0.22.1/pkg/internal/controller/controller.go:421
2026-08-30T03:28:46.313043000Z sigs.k8s.io/controller-runtime/pkg/internal/controller.(*Controller[...]).Start.func1.1
2026-08-30T03:28:46.313047580Z 	/go/pkg/mod/sigs.k8s.io/controller-runtime@v0.22.1/pkg/internal/controller/controller.go:296
2026-08-30T03:29:46.361399341Z 2026-08-30T03:29:46Z	ERROR	membership Job encountered failures	{"controller": "mongodautoscaler", "controllerGroup": "autoscaler.mongodb.io", "controllerKind": "MongodAutoscaler", "MongodAutoscaler": {"name":"mongodautoscaler-sample","namespace":"mambo-mongod-cpu"}, "namespace": "mambo-mongod-cpu", "name": "mongodautoscaler-sample", "reconcileID": "b6568091-923a-47d1-bbe4-0a60a62256a9", "statefulset": "my-mongodb-sharded-shard0-data", "replicaIndex": 1, "job": "add-membership-my-mongodb-sharded-shard0-data-1", "error": "membership Job failed"}
2026-08-30T03:29:46.361445241Z github.com/Chen-Si-An/Autoscaling/MongoDBOperator/internal/controller.(*MongodAutoscalerReconciler).Reconcile
2026-08-30T03:29:46.361455731Z 	/workspace/internal/controller/mongodautoscaler_controller.go:484
2026-08-30T03:29:46.361463641Z sigs.k8s.io/controller-runtime/pkg/internal/controller.(*Controller[...]).Reconcile
2026-08-30T03:29:46.361470671Z 	/go/pkg/mod/sigs.k8s.io/controller-runtime@v0.22.1/pkg/internal/controller/controller.go:216
2026-08-30T03:29:46.361628652Z sigs.k8s.io/controller-runtime/pkg/internal/controller.(*Controller[...]).reconcileHandler
2026-08-30T03:29:46.361650573Z 	/go/pkg/mod/sigs.k8s.io/controller-runtime@v0.22.1/pkg/internal/controller/controller.go:461
2026-08-30T03:29:46.361659193Z sigs.k8s.io/controller-runtime/pkg/internal/controller.(*Controller[...]).processNextWorkItem
2026-08-30T03:29:46.361665703Z 	/go/pkg/mod/sigs.k8s.io/controller-runtime@v0.22.1/pkg/internal/controller/controller.go:421
2026-08-30T03:29:46.361672343Z sigs.k8s.io/controller-runtime/pkg/internal/controller.(*Controller[...]).Start.func1.1
2026-08-30T03:29:46.361678993Z 	/go/pkg/mod/sigs.k8s.io/controller-runtime@v0.22.1/pkg/internal/controller/controller.go:296
2026-08-30T03:31:16.460779207Z 2026-08-30T03:31:16Z	ERROR	membership Job encountered failures	{"controller": "mongodautoscaler", "controllerGroup": "autoscaler.mongodb.io", "controllerKind": "MongodAutoscaler", "MongodAutoscaler": {"name":"mongodautoscaler-sample","namespace":"mambo-mongod-cpu"}, "namespace": "mambo-mongod-cpu", "name": "mongodautoscaler-sample", "reconcileID": "4aa8bc73-9590-4639-98f1-4123c999a905", "statefulset": "my-mongodb-sharded-shard0-data", "replicaIndex": 1, "job": "add-membership-my-mongodb-sharded-shard0-data-1", "error": "membership Job failed"}
2026-08-30T03:31:16.460851467Z github.com/Chen-Si-An/Autoscaling/MongoDBOperator/internal/controller.(*MongodAutoscalerReconciler).Reconcile
2026-08-30T03:31:16.460862507Z 	/workspace/internal/controller/mongodautoscaler_controller.go:484
2026-08-30T03:31:16.460889328Z sigs.k8s.io/controller-runtime/pkg/internal/controller.(*Controller[...]).Reconcile
2026-08-30T03:31:16.460897108Z 	/go/pkg/mod/sigs.k8s.io/controller-runtime@v0.22.1/pkg/internal/controller/controller.go:216
2026-08-30T03:31:16.460904408Z sigs.k8s.io/controller-runtime/pkg/internal/controller.(*Controller[...]).reconcileHandler
2026-08-30T03:31:16.460929008Z 	/go/pkg/mod/sigs.k8s.io/controller-runtime@v0.22.1/pkg/internal/controller/controller.go:461
2026-08-30T03:31:16.460934748Z sigs.k8s.io/controller-runtime/pkg/internal/controller.(*Controller[...]).processNextWorkItem
2026-08-30T03:31:16.460939188Z 	/go/pkg/mod/sigs.k8s.io/controller-runtime@v0.22.1/pkg/internal/controller/controller.go:421
2026-08-30T03:31:16.460942978Z sigs.k8s.io/controller-runtime/pkg/internal/controller.(*Controller[...]).Start.func1.1
2026-08-30T03:31:16.460946768Z 	/go/pkg/mod/sigs.k8s.io/controller-runtime@v0.22.1/pkg/internal/controller/controller.go:296
2026-08-30T03:32:46.562151476Z 2026-08-30T03:32:46Z	ERROR	membership Job encountered failures	{"controller": "mongodautoscaler", "controllerGroup": "autoscaler.mongodb.io", "controllerKind": "MongodAutoscaler", "MongodAutoscaler": {"name":"mongodautoscaler-sample","namespace":"mambo-mongod-cpu"}, "namespace": "mambo-mongod-cpu", "name": "mongodautoscaler-sample", "reconcileID": "3d2ac662-356e-4ead-a611-a476d3087dd0", "statefulset": "my-mongodb-sharded-shard0-data", "replicaIndex": 1, "job": "add-membership-my-mongodb-sharded-shard0-data-1", "error": "membership Job failed"}
2026-08-30T03:32:46.562291767Z github.com/Chen-Si-An/Autoscaling/MongoDBOperator/internal/controller.(*MongodAutoscalerReconciler).Reconcile
2026-08-30T03:32:46.562304977Z 	/workspace/internal/controller/mongodautoscaler_controller.go:484
2026-08-30T03:32:46.562312147Z sigs.k8s.io/controller-runtime/pkg/internal/controller.(*Controller[...]).Reconcile
2026-08-30T03:32:46.562321487Z 	/go/pkg/mod/sigs.k8s.io/controller-runtime@v0.22.1/pkg/internal/controller/controller.go:216
2026-08-30T03:32:46.562327487Z sigs.k8s.io/controller-runtime/pkg/internal/controller.(*Controller[...]).reconcileHandler
2026-08-30T03:32:46.562333088Z 	/go/pkg/mod/sigs.k8s.io/controller-runtime@v0.22.1/pkg/internal/controller/controller.go:461
2026-08-30T03:32:46.562338838Z sigs.k8s.io/controller-runtime/pkg/internal/controller.(*Controller[...]).processNextWorkItem
2026-08-30T03:32:46.562345428Z 	/go/pkg/mod/sigs.k8s.io/controller-runtime@v0.22.1/pkg/internal/controller/controller.go:421
2026-08-30T03:32:46.562352498Z sigs.k8s.io/controller-runtime/pkg/internal/controller.(*Controller[...]).Start.func1.1
2026-08-30T03:32:46.562359368Z 	/go/pkg/mod/sigs.k8s.io/controller-runtime@v0.22.1/pkg/internal/controller/controller.go:296
2026-08-30T03:34:16.660574250Z 2026-08-30T03:34:16Z	ERROR	membership Job encountered failures	{"controller": "mongodautoscaler", "controllerGroup": "autoscaler.mongodb.io", "controllerKind": "MongodAutoscaler", "MongodAutoscaler": {"name":"mongodautoscaler-sample","namespace":"mambo-mongod-cpu"}, "namespace": "mambo-mongod-cpu", "name": "mongodautoscaler-sample", "reconcileID": "5a053155-7448-4a2f-b371-6c9df7360b9f", "statefulset": "my-mongodb-sharded-shard0-data", "replicaIndex": 1, "job": "add-membership-my-mongodb-sharded-shard0-data-1", "error": "membership Job failed"}
2026-08-30T03:34:16.660625471Z github.com/Chen-Si-An/Autoscaling/MongoDBOperator/internal/controller.(*MongodAutoscalerReconciler).Reconcile
2026-08-30T03:34:16.660636681Z 	/workspace/internal/controller/mongodautoscaler_controller.go:484
2026-08-30T03:34:16.660644501Z sigs.k8s.io/controller-runtime/pkg/internal/controller.(*Controller[...]).Reconcile
2026-08-30T03:34:16.660650881Z 	/go/pkg/mod/sigs.k8s.io/controller-runtime@v0.22.1/pkg/internal/controller/controller.go:216
2026-08-30T03:34:16.660657951Z sigs.k8s.io/controller-runtime/pkg/internal/controller.(*Controller[...]).reconcileHandler
2026-08-30T03:34:16.660664651Z 	/go/pkg/mod/sigs.k8s.io/controller-runtime@v0.22.1/pkg/internal/controller/controller.go:461
2026-08-30T03:34:16.660671241Z sigs.k8s.io/controller-runtime/pkg/internal/controller.(*Controller[...]).processNextWorkItem
2026-08-30T03:34:16.660705671Z 	/go/pkg/mod/sigs.k8s.io/controller-runtime@v0.22.1/pkg/internal/controller/controller.go:421
2026-08-30T03:34:16.660711481Z sigs.k8s.io/controller-runtime/pkg/internal/controller.(*Controller[...]).Start.func1.1
2026-08-30T03:34:16.660716041Z 	/go/pkg/mod/sigs.k8s.io/controller-runtime@v0.22.1/pkg/internal/controller/controller.go:296
2026-08-30T03:35:46.751805462Z 2026-08-30T03:35:46Z	ERROR	membership Job encountered failures	{"controller": "mongodautoscaler", "controllerGroup": "autoscaler.mongodb.io", "controllerKind": "MongodAutoscaler", "MongodAutoscaler": {"name":"mongodautoscaler-sample","namespace":"mambo-mongod-cpu"}, "namespace": "mambo-mongod-cpu", "name": "mongodautoscaler-sample", "reconcileID": "224ca2ad-645f-4107-bb58-cb6f9d23b44c", "statefulset": "my-mongodb-sharded-shard0-data", "replicaIndex": 1, "job": "add-membership-my-mongodb-sharded-shard0-data-1", "error": "membership Job failed"}
2026-08-30T03:35:46.751849762Z github.com/Chen-Si-An/Autoscaling/MongoDBOperator/internal/controller.(*MongodAutoscalerReconciler).Reconcile
2026-08-30T03:35:46.751859832Z 	/workspace/internal/controller/mongodautoscaler_controller.go:484
2026-08-30T03:35:46.751867502Z sigs.k8s.io/controller-runtime/pkg/internal/controller.(*Controller[...]).Reconcile
2026-08-30T03:35:46.751874913Z 	/go/pkg/mod/sigs.k8s.io/controller-runtime@v0.22.1/pkg/internal/controller/controller.go:216
2026-08-30T03:35:46.751882313Z sigs.k8s.io/controller-runtime/pkg/internal/controller.(*Controller[...]).reconcileHandler
2026-08-30T03:35:46.751889563Z 	/go/pkg/mod/sigs.k8s.io/controller-runtime@v0.22.1/pkg/internal/controller/controller.go:461
2026-08-30T03:35:46.751896653Z sigs.k8s.io/controller-runtime/pkg/internal/controller.(*Controller[...]).processNextWorkItem
2026-08-30T03:35:46.751903573Z 	/go/pkg/mod/sigs.k8s.io/controller-runtime@v0.22.1/pkg/internal/controller/controller.go:421
2026-08-30T03:35:46.751910423Z sigs.k8s.io/controller-runtime/pkg/internal/controller.(*Controller[...]).Start.func1.1
2026-08-30T03:35:46.751916913Z 	/go/pkg/mod/sigs.k8s.io/controller-runtime@v0.22.1/pkg/internal/controller/controller.go:296
2026-08-30T03:37:16.846592413Z 2026-08-30T03:37:16Z	ERROR	membership Job encountered failures	{"controller": "mongodautoscaler", "controllerGroup": "autoscaler.mongodb.io", "controllerKind": "MongodAutoscaler", "MongodAutoscaler": {"name":"mongodautoscaler-sample","namespace":"mambo-mongod-cpu"}, "namespace": "mambo-mongod-cpu", "name": "mongodautoscaler-sample", "reconcileID": "e580fe12-0fa1-46d2-b413-023f203a3b3a", "statefulset": "my-mongodb-sharded-shard0-data", "replicaIndex": 1, "job": "add-membership-my-mongodb-sharded-shard0-data-1", "error": "membership Job failed"}
2026-08-30T03:37:16.846645723Z github.com/Chen-Si-An/Autoscaling/MongoDBOperator/internal/controller.(*MongodAutoscalerReconciler).Reconcile
2026-08-30T03:37:16.846656623Z 	/workspace/internal/controller/mongodautoscaler_controller.go:484
2026-08-30T03:37:16.846664774Z sigs.k8s.io/controller-runtime/pkg/internal/controller.(*Controller[...]).Reconcile
2026-08-30T03:37:16.846671894Z 	/go/pkg/mod/sigs.k8s.io/controller-runtime@v0.22.1/pkg/internal/controller/controller.go:216
2026-08-30T03:37:16.846678544Z sigs.k8s.io/controller-runtime/pkg/internal/controller.(*Controller[...]).reconcileHandler
2026-08-30T03:37:16.846685154Z 	/go/pkg/mod/sigs.k8s.io/controller-runtime@v0.22.1/pkg/internal/controller/controller.go:461
2026-08-30T03:37:16.846959166Z sigs.k8s.io/controller-runtime/pkg/internal/controller.(*Controller[...]).processNextWorkItem
2026-08-30T03:37:16.846981136Z 	/go/pkg/mod/sigs.k8s.io/controller-runtime@v0.22.1/pkg/internal/controller/controller.go:421
2026-08-30T03:37:16.846990396Z sigs.k8s.io/controller-runtime/pkg/internal/controller.(*Controller[...]).Start.func1.1
2026-08-30T03:37:16.847017106Z 	/go/pkg/mod/sigs.k8s.io/controller-runtime@v0.22.1/pkg/internal/controller/controller.go:296
2026-08-30T03:38:46.943041899Z 2026-08-30T03:38:46Z	ERROR	membership Job encountered failures	{"controller": "mongodautoscaler", "controllerGroup": "autoscaler.mongodb.io", "controllerKind": "MongodAutoscaler", "MongodAutoscaler": {"name":"mongodautoscaler-sample","namespace":"mambo-mongod-cpu"}, "namespace": "mambo-mongod-cpu", "name": "mongodautoscaler-sample", "reconcileID": "612d28dd-bfad-4167-91b4-181dd7c27af3", "statefulset": "my-mongodb-sharded-shard0-data", "replicaIndex": 1, "job": "add-membership-my-mongodb-sharded-shard0-data-1", "error": "membership Job failed"}
2026-08-30T03:38:46.943091259Z github.com/Chen-Si-An/Autoscaling/MongoDBOperator/internal/controller.(*MongodAutoscalerReconciler).Reconcile
2026-08-30T03:38:46.943104999Z 	/workspace/internal/controller/mongodautoscaler_controller.go:484
2026-08-30T03:38:46.943113649Z sigs.k8s.io/controller-runtime/pkg/internal/controller.(*Controller[...]).Reconcile
2026-08-30T03:38:46.943121280Z 	/go/pkg/mod/sigs.k8s.io/controller-runtime@v0.22.1/pkg/internal/controller/controller.go:216
2026-08-30T03:38:46.943128870Z sigs.k8s.io/controller-runtime/pkg/internal/controller.(*Controller[...]).reconcileHandler
2026-08-30T03:38:46.943135950Z 	/go/pkg/mod/sigs.k8s.io/controller-runtime@v0.22.1/pkg/internal/controller/controller.go:461
2026-08-30T03:38:46.943143000Z sigs.k8s.io/controller-runtime/pkg/internal/controller.(*Controller[...]).processNextWorkItem
2026-08-30T03:38:46.943149660Z 	/go/pkg/mod/sigs.k8s.io/controller-runtime@v0.22.1/pkg/internal/controller/controller.go:421
2026-08-30T03:38:46.943156220Z sigs.k8s.io/controller-runtime/pkg/internal/controller.(*Controller[...]).Start.func1.1
2026-08-30T03:38:46.943162880Z 	/go/pkg/mod/sigs.k8s.io/controller-runtime@v0.22.1/pkg/internal/controller/controller.go:296
2026-08-30T03:40:17.041248642Z 2026-08-30T03:40:17Z	ERROR	membership Job encountered failures	{"controller": "mongodautoscaler", "controllerGroup": "autoscaler.mongodb.io", "controllerKind": "MongodAutoscaler", "MongodAutoscaler": {"name":"mongodautoscaler-sample","namespace":"mambo-mongod-cpu"}, "namespace": "mambo-mongod-cpu", "name": "mongodautoscaler-sample", "reconcileID": "2fcc0b17-1804-4a3d-8122-ab832fdc9164", "statefulset": "my-mongodb-sharded-shard0-data", "replicaIndex": 1, "job": "add-membership-my-mongodb-sharded-shard0-data-1", "error": "membership Job failed"}
2026-08-30T03:40:17.041292623Z github.com/Chen-Si-An/Autoscaling/MongoDBOperator/internal/controller.(*MongodAutoscalerReconciler).Reconcile
2026-08-30T03:40:17.041341873Z 	/workspace/internal/controller/mongodautoscaler_controller.go:484
2026-08-30T03:40:17.041350923Z sigs.k8s.io/controller-runtime/pkg/internal/controller.(*Controller[...]).Reconcile
2026-08-30T03:40:17.041356863Z 	/go/pkg/mod/sigs.k8s.io/controller-runtime@v0.22.1/pkg/internal/controller/controller.go:216
2026-08-30T03:40:17.041362633Z sigs.k8s.io/controller-runtime/pkg/internal/controller.(*Controller[...]).reconcileHandler
2026-08-30T03:40:17.041368293Z 	/go/pkg/mod/sigs.k8s.io/controller-runtime@v0.22.1/pkg/internal/controller/controller.go:461
2026-08-30T03:40:17.041373763Z sigs.k8s.io/controller-runtime/pkg/internal/controller.(*Controller[...]).processNextWorkItem
2026-08-30T03:40:17.041379183Z 	/go/pkg/mod/sigs.k8s.io/controller-runtime@v0.22.1/pkg/internal/controller/controller.go:421
2026-08-30T03:40:17.041384633Z sigs.k8s.io/controller-runtime/pkg/internal/controller.(*Controller[...]).Start.func1.1
2026-08-30T03:40:17.041390273Z 	/go/pkg/mod/sigs.k8s.io/controller-runtime@v0.22.1/pkg/internal/controller/controller.go:296
2026-08-30T03:41:47.161266299Z 2026-08-30T03:41:47Z	ERROR	membership Job encountered failures	{"controller": "mongodautoscaler", "controllerGroup": "autoscaler.mongodb.io", "controllerKind": "MongodAutoscaler", "MongodAutoscaler": {"name":"mongodautoscaler-sample","namespace":"mambo-mongod-cpu"}, "namespace": "mambo-mongod-cpu", "name": "mongodautoscaler-sample", "reconcileID": "cb7929f9-f285-4995-b8eb-ed10a069de99", "statefulset": "my-mongodb-sharded-shard0-data", "replicaIndex": 1, "job": "add-membership-my-mongodb-sharded-shard0-data-1", "error": "membership Job failed"}
2026-08-30T03:41:47.161339900Z github.com/Chen-Si-An/Autoscaling/MongoDBOperator/internal/controller.(*MongodAutoscalerReconciler).Reconcile
2026-08-30T03:41:47.161348740Z 	/workspace/internal/controller/mongodautoscaler_controller.go:484
2026-08-30T03:41:47.161355070Z sigs.k8s.io/controller-runtime/pkg/internal/controller.(*Controller[...]).Reconcile
2026-08-30T03:41:47.161360080Z 	/go/pkg/mod/sigs.k8s.io/controller-runtime@v0.22.1/pkg/internal/controller/controller.go:216
2026-08-30T03:41:47.161364860Z sigs.k8s.io/controller-runtime/pkg/internal/controller.(*Controller[...]).reconcileHandler
2026-08-30T03:41:47.161369380Z 	/go/pkg/mod/sigs.k8s.io/controller-runtime@v0.22.1/pkg/internal/controller/controller.go:461
2026-08-30T03:41:47.161374200Z sigs.k8s.io/controller-runtime/pkg/internal/controller.(*Controller[...]).processNextWorkItem
2026-08-30T03:41:47.161378760Z 	/go/pkg/mod/sigs.k8s.io/controller-runtime@v0.22.1/pkg/internal/controller/controller.go:421
2026-08-30T03:41:47.161383060Z sigs.k8s.io/controller-runtime/pkg/internal/controller.(*Controller[...]).Start.func1.1
2026-08-30T03:41:47.161388150Z 	/go/pkg/mod/sigs.k8s.io/controller-runtime@v0.22.1/pkg/internal/controller/controller.go:296
2026-08-30T03:43:17.278494832Z 2026-08-30T03:43:17Z	ERROR	membership Job encountered failures	{"controller": "mongodautoscaler", "controllerGroup": "autoscaler.mongodb.io", "controllerKind": "MongodAutoscaler", "MongodAutoscaler": {"name":"mongodautoscaler-sample","namespace":"mambo-mongod-cpu"}, "namespace": "mambo-mongod-cpu", "name": "mongodautoscaler-sample", "reconcileID": "33572923-7d15-4881-b16d-efeefdd58b06", "statefulset": "my-mongodb-sharded-shard1-data", "replicaIndex": 1, "job": "add-membership-my-mongodb-sharded-shard1-data-1", "error": "membership Job failed"}
2026-08-30T03:43:17.278556462Z github.com/Chen-Si-An/Autoscaling/MongoDBOperator/internal/controller.(*MongodAutoscalerReconciler).Reconcile
2026-08-30T03:43:17.278571663Z 	/workspace/internal/controller/mongodautoscaler_controller.go:484
2026-08-30T03:43:17.278589403Z sigs.k8s.io/controller-runtime/pkg/internal/controller.(*Controller[...]).Reconcile
2026-08-30T03:43:17.278595753Z 	/go/pkg/mod/sigs.k8s.io/controller-runtime@v0.22.1/pkg/internal/controller/controller.go:216
2026-08-30T03:43:17.278601913Z sigs.k8s.io/controller-runtime/pkg/internal/controller.(*Controller[...]).reconcileHandler
2026-08-30T03:43:17.278607513Z 	/go/pkg/mod/sigs.k8s.io/controller-runtime@v0.22.1/pkg/internal/controller/controller.go:461
2026-08-30T03:43:17.278613003Z sigs.k8s.io/controller-runtime/pkg/internal/controller.(*Controller[...]).processNextWorkItem
2026-08-30T03:43:17.278618473Z 	/go/pkg/mod/sigs.k8s.io/controller-runtime@v0.22.1/pkg/internal/controller/controller.go:421
2026-08-30T03:43:17.278623943Z sigs.k8s.io/controller-runtime/pkg/internal/controller.(*Controller[...]).Start.func1.1
2026-08-30T03:43:17.278629393Z 	/go/pkg/mod/sigs.k8s.io/controller-runtime@v0.22.1/pkg/internal/controller/controller.go:296
